<?xml version="1.0" encoding="ISO-8859-1" ?>
<link_info>
   <banner>TMS320C2000 Linker PC v20.2.5.LTS</banner>
   <copyright>Copyright (c) 1996-2018 Texas Instruments Incorporated</copyright>
   <link_time>0x633461b0</link_time>
   <link_errors>0x0</link_errors>
   <output_file>rt-thread.out</output_file>
   <entry_point>
      <name>_c_int00</name>
      <address>0x18bb7</address>
   </entry_point>
   <input_file_list>
      <input_file id="fl-2">
         <path>.\DeviceDrivers\ipc\</path>
         <kind>object</kind>
         <file>completion.obj</file>
         <name>completion.obj</name>
      </input_file>
      <input_file id="fl-3">
         <path>.\DeviceDrivers\ipc\</path>
         <kind>object</kind>
         <file>dataqueue.obj</file>
         <name>dataqueue.obj</name>
      </input_file>
      <input_file id="fl-4">
         <path>.\DeviceDrivers\ipc\</path>
         <kind>object</kind>
         <file>ringblk_buf.obj</file>
         <name>ringblk_buf.obj</name>
      </input_file>
      <input_file id="fl-5">
         <path>.\DeviceDrivers\ipc\</path>
         <kind>object</kind>
         <file>ringbuffer.obj</file>
         <name>ringbuffer.obj</name>
      </input_file>
      <input_file id="fl-6">
         <path>.\DeviceDrivers\ipc\</path>
         <kind>object</kind>
         <file>waitqueue.obj</file>
         <name>waitqueue.obj</name>
      </input_file>
      <input_file id="fl-7">
         <path>.\DeviceDrivers\ipc\</path>
         <kind>object</kind>
         <file>workqueue.obj</file>
         <name>workqueue.obj</name>
      </input_file>
      <input_file id="fl-8">
         <path>.\DeviceDrivers\</path>
         <kind>object</kind>
         <file>rt_drv_pwm.obj</file>
         <name>rt_drv_pwm.obj</name>
      </input_file>
      <input_file id="fl-9">
         <path>.\DeviceDrivers\</path>
         <kind>object</kind>
         <file>serial.obj</file>
         <name>serial.obj</name>
      </input_file>
      <input_file id="fl-a">
         <path>.\Kernel\</path>
         <kind>object</kind>
         <file>clock.obj</file>
         <name>clock.obj</name>
      </input_file>
      <input_file id="fl-b">
         <path>.\Kernel\</path>
         <kind>object</kind>
         <file>components.obj</file>
         <name>components.obj</name>
      </input_file>
      <input_file id="fl-c">
         <path>.\Kernel\</path>
         <kind>object</kind>
         <file>cpu.obj</file>
         <name>cpu.obj</name>
      </input_file>
      <input_file id="fl-d">
         <path>.\Kernel\</path>
         <kind>object</kind>
         <file>device.obj</file>
         <name>device.obj</name>
      </input_file>
      <input_file id="fl-e">
         <path>.\Kernel\</path>
         <kind>object</kind>
         <file>idle.obj</file>
         <name>idle.obj</name>
      </input_file>
      <input_file id="fl-f">
         <path>.\Kernel\</path>
         <kind>object</kind>
         <file>ipc.obj</file>
         <name>ipc.obj</name>
      </input_file>
      <input_file id="fl-10">
         <path>.\Kernel\</path>
         <kind>object</kind>
         <file>irq.obj</file>
         <name>irq.obj</name>
      </input_file>
      <input_file id="fl-11">
         <path>.\Kernel\</path>
         <kind>object</kind>
         <file>kservice.obj</file>
         <name>kservice.obj</name>
      </input_file>
      <input_file id="fl-12">
         <path>.\Kernel\</path>
         <kind>object</kind>
         <file>mem.obj</file>
         <name>mem.obj</name>
      </input_file>
      <input_file id="fl-13">
         <path>.\Kernel\</path>
         <kind>object</kind>
         <file>memheap.obj</file>
         <name>memheap.obj</name>
      </input_file>
      <input_file id="fl-14">
         <path>.\Kernel\</path>
         <kind>object</kind>
         <file>mempool.obj</file>
         <name>mempool.obj</name>
      </input_file>
      <input_file id="fl-15">
         <path>.\Kernel\</path>
         <kind>object</kind>
         <file>object.obj</file>
         <name>object.obj</name>
      </input_file>
      <input_file id="fl-16">
         <path>.\Kernel\</path>
         <kind>object</kind>
         <file>scheduler.obj</file>
         <name>scheduler.obj</name>
      </input_file>
      <input_file id="fl-17">
         <path>.\Kernel\</path>
         <kind>object</kind>
         <file>signal.obj</file>
         <name>signal.obj</name>
      </input_file>
      <input_file id="fl-18">
         <path>.\Kernel\</path>
         <kind>object</kind>
         <file>slab.obj</file>
         <name>slab.obj</name>
      </input_file>
      <input_file id="fl-19">
         <path>.\Kernel\</path>
         <kind>object</kind>
         <file>thread.obj</file>
         <name>thread.obj</name>
      </input_file>
      <input_file id="fl-1a">
         <path>.\Kernel\</path>
         <kind>object</kind>
         <file>timer.obj</file>
         <name>timer.obj</name>
      </input_file>
      <input_file id="fl-1b">
         <path>.\applications\</path>
         <kind>object</kind>
         <file>startup.obj</file>
         <name>startup.obj</name>
      </input_file>
      <input_file id="fl-1c">
         <path>.\c28x\</path>
         <kind>object</kind>
         <file>context.obj</file>
         <name>context.obj</name>
      </input_file>
      <input_file id="fl-1d">
         <path>.\c28x\</path>
         <kind>object</kind>
         <file>cpuport.obj</file>
         <name>cpuport.obj</name>
      </input_file>
      <input_file id="fl-1e">
         <path>.\drivers\</path>
         <kind>object</kind>
         <file>board.obj</file>
         <name>board.obj</name>
      </input_file>
      <input_file id="fl-1f">
         <path>.\drivers\</path>
         <kind>object</kind>
         <file>drv_pwm.obj</file>
         <name>drv_pwm.obj</name>
      </input_file>
      <input_file id="fl-20">
         <path>.\drivers\</path>
         <kind>object</kind>
         <file>drv_sci.obj</file>
         <name>drv_sci.obj</name>
      </input_file>
      <input_file id="fl-21">
         <path>.\finsh\</path>
         <kind>object</kind>
         <file>cmd.obj</file>
         <name>cmd.obj</name>
      </input_file>
      <input_file id="fl-22">
         <path>.\finsh\</path>
         <kind>object</kind>
         <file>msh.obj</file>
         <name>msh.obj</name>
      </input_file>
      <input_file id="fl-23">
         <path>.\finsh\</path>
         <kind>object</kind>
         <file>msh_file.obj</file>
         <name>msh_file.obj</name>
      </input_file>
      <input_file id="fl-24">
         <path>.\finsh\</path>
         <kind>object</kind>
         <file>msh_parse.obj</file>
         <name>msh_parse.obj</name>
      </input_file>
      <input_file id="fl-25">
         <path>.\finsh\</path>
         <kind>object</kind>
         <file>shell.obj</file>
         <name>shell.obj</name>
      </input_file>
      <input_file id="fl-26">
         <path>.\libraries\common\source\</path>
         <kind>object</kind>
         <file>F2837xD_Adc.obj</file>
         <name>F2837xD_Adc.obj</name>
      </input_file>
      <input_file id="fl-27">
         <path>.\libraries\common\source\</path>
         <kind>object</kind>
         <file>F2837xD_CodeStartBranch.obj</file>
         <name>F2837xD_CodeStartBranch.obj</name>
      </input_file>
      <input_file id="fl-28">
         <path>.\libraries\common\source\</path>
         <kind>object</kind>
         <file>F2837xD_CpuTimers.obj</file>
         <name>F2837xD_CpuTimers.obj</name>
      </input_file>
      <input_file id="fl-29">
         <path>.\libraries\common\source\</path>
         <kind>object</kind>
         <file>F2837xD_DBGIER.obj</file>
         <name>F2837xD_DBGIER.obj</name>
      </input_file>
      <input_file id="fl-2a">
         <path>.\libraries\common\source\</path>
         <kind>object</kind>
         <file>F2837xD_DefaultISR.obj</file>
         <name>F2837xD_DefaultISR.obj</name>
      </input_file>
      <input_file id="fl-2b">
         <path>.\libraries\common\source\</path>
         <kind>object</kind>
         <file>F2837xD_Dma.obj</file>
         <name>F2837xD_Dma.obj</name>
      </input_file>
      <input_file id="fl-2c">
         <path>.\libraries\common\source\</path>
         <kind>object</kind>
         <file>F2837xD_ECap.obj</file>
         <name>F2837xD_ECap.obj</name>
      </input_file>
      <input_file id="fl-2d">
         <path>.\libraries\common\source\</path>
         <kind>object</kind>
         <file>F2837xD_EPwm.obj</file>
         <name>F2837xD_EPwm.obj</name>
      </input_file>
      <input_file id="fl-2e">
         <path>.\libraries\common\source\</path>
         <kind>object</kind>
         <file>F2837xD_EQep.obj</file>
         <name>F2837xD_EQep.obj</name>
      </input_file>
      <input_file id="fl-2f">
         <path>.\libraries\common\source\</path>
         <kind>object</kind>
         <file>F2837xD_Emif.obj</file>
         <name>F2837xD_Emif.obj</name>
      </input_file>
      <input_file id="fl-30">
         <path>.\libraries\common\source\</path>
         <kind>object</kind>
         <file>F2837xD_Gpio.obj</file>
         <name>F2837xD_Gpio.obj</name>
      </input_file>
      <input_file id="fl-31">
         <path>.\libraries\common\source\</path>
         <kind>object</kind>
         <file>F2837xD_I2C.obj</file>
         <name>F2837xD_I2C.obj</name>
      </input_file>
      <input_file id="fl-32">
         <path>.\libraries\common\source\</path>
         <kind>object</kind>
         <file>F2837xD_Ipc.obj</file>
         <name>F2837xD_Ipc.obj</name>
      </input_file>
      <input_file id="fl-33">
         <path>.\libraries\common\source\</path>
         <kind>object</kind>
         <file>F2837xD_Ipc_Driver.obj</file>
         <name>F2837xD_Ipc_Driver.obj</name>
      </input_file>
      <input_file id="fl-34">
         <path>.\libraries\common\source\</path>
         <kind>object</kind>
         <file>F2837xD_Ipc_Driver_Lite.obj</file>
         <name>F2837xD_Ipc_Driver_Lite.obj</name>
      </input_file>
      <input_file id="fl-35">
         <path>.\libraries\common\source\</path>
         <kind>object</kind>
         <file>F2837xD_Ipc_Driver_Util.obj</file>
         <name>F2837xD_Ipc_Driver_Util.obj</name>
      </input_file>
      <input_file id="fl-36">
         <path>.\libraries\common\source\</path>
         <kind>object</kind>
         <file>F2837xD_Mcbsp.obj</file>
         <name>F2837xD_Mcbsp.obj</name>
      </input_file>
      <input_file id="fl-37">
         <path>.\libraries\common\source\</path>
         <kind>object</kind>
         <file>F2837xD_PieCtrl.obj</file>
         <name>F2837xD_PieCtrl.obj</name>
      </input_file>
      <input_file id="fl-38">
         <path>.\libraries\common\source\</path>
         <kind>object</kind>
         <file>F2837xD_PieVect.obj</file>
         <name>F2837xD_PieVect.obj</name>
      </input_file>
      <input_file id="fl-39">
         <path>.\libraries\common\source\</path>
         <kind>object</kind>
         <file>F2837xD_Sci.obj</file>
         <name>F2837xD_Sci.obj</name>
      </input_file>
      <input_file id="fl-3a">
         <path>.\libraries\common\source\</path>
         <kind>object</kind>
         <file>F2837xD_Spi.obj</file>
         <name>F2837xD_Spi.obj</name>
      </input_file>
      <input_file id="fl-3b">
         <path>.\libraries\common\source\</path>
         <kind>object</kind>
         <file>F2837xD_SysCtrl.obj</file>
         <name>F2837xD_SysCtrl.obj</name>
      </input_file>
      <input_file id="fl-3c">
         <path>.\libraries\common\source\</path>
         <kind>object</kind>
         <file>F2837xD_TempSensorConv.obj</file>
         <name>F2837xD_TempSensorConv.obj</name>
      </input_file>
      <input_file id="fl-3d">
         <path>.\libraries\common\source\</path>
         <kind>object</kind>
         <file>F2837xD_Upp.obj</file>
         <name>F2837xD_Upp.obj</name>
      </input_file>
      <input_file id="fl-3e">
         <path>.\libraries\common\source\</path>
         <kind>object</kind>
         <file>F2837xD_can.obj</file>
         <name>F2837xD_can.obj</name>
      </input_file>
      <input_file id="fl-3f">
         <path>.\libraries\common\source\</path>
         <kind>object</kind>
         <file>F2837xD_sci_io.obj</file>
         <name>F2837xD_sci_io.obj</name>
      </input_file>
      <input_file id="fl-40">
         <path>.\libraries\common\source\</path>
         <kind>object</kind>
         <file>F2837xD_sdfm_drivers.obj</file>
         <name>F2837xD_sdfm_drivers.obj</name>
      </input_file>
      <input_file id="fl-41">
         <path>.\libraries\common\source\</path>
         <kind>object</kind>
         <file>F2837xD_struct.obj</file>
         <name>F2837xD_struct.obj</name>
      </input_file>
      <input_file id="fl-42">
         <path>.\libraries\common\source\</path>
         <kind>object</kind>
         <file>F2837xD_usDelay.obj</file>
         <name>F2837xD_usDelay.obj</name>
      </input_file>
      <input_file id="fl-43">
         <path>.\libraries\headers\source\</path>
         <kind>object</kind>
         <file>F2837xD_GlobalVariableDefs.obj</file>
         <name>F2837xD_GlobalVariableDefs.obj</name>
      </input_file>
      <input_file id="fl-48">
         <kind>object</kind>
         <file>&lt;internal&gt;</file>
         <name>&lt;internal&gt;</name>
      </input_file>
      <input_file id="fl-54">
         <path>C:\ti\ccs1040\ccs\tools\compiler\ti-cgt-c2000_20.2.5.LTS\lib\</path>
         <kind>archive</kind>
         <file>rts2800_ml.lib</file>
         <name>boot28.asm.obj</name>
      </input_file>
      <input_file id="fl-55">
         <path>C:\ti\ccs1040\ccs\tools\compiler\ti-cgt-c2000_20.2.5.LTS\lib\</path>
         <kind>archive</kind>
         <file>rts2800_ml.lib</file>
         <name>fs_add28.asm.obj</name>
      </input_file>
      <input_file id="fl-56">
         <path>C:\ti\ccs1040\ccs\tools\compiler\ti-cgt-c2000_20.2.5.LTS\lib\</path>
         <kind>archive</kind>
         <file>rts2800_ml.lib</file>
         <name>fs_cmp28.asm.obj</name>
      </input_file>
      <input_file id="fl-57">
         <path>C:\ti\ccs1040\ccs\tools\compiler\ti-cgt-c2000_20.2.5.LTS\lib\</path>
         <kind>archive</kind>
         <file>rts2800_ml.lib</file>
         <name>fs_div28.asm.obj</name>
      </input_file>
      <input_file id="fl-58">
         <path>C:\ti\ccs1040\ccs\tools\compiler\ti-cgt-c2000_20.2.5.LTS\lib\</path>
         <kind>archive</kind>
         <file>rts2800_ml.lib</file>
         <name>fs_mpy28.asm.obj</name>
      </input_file>
      <input_file id="fl-59">
         <path>C:\ti\ccs1040\ccs\tools\compiler\ti-cgt-c2000_20.2.5.LTS\lib\</path>
         <kind>archive</kind>
         <file>rts2800_ml.lib</file>
         <name>fs_toi28.asm.obj</name>
      </input_file>
      <input_file id="fl-5a">
         <path>C:\ti\ccs1040\ccs\tools\compiler\ti-cgt-c2000_20.2.5.LTS\lib\</path>
         <kind>archive</kind>
         <file>rts2800_ml.lib</file>
         <name>fs_tol28.asm.obj</name>
      </input_file>
      <input_file id="fl-5b">
         <path>C:\ti\ccs1040\ccs\tools\compiler\ti-cgt-c2000_20.2.5.LTS\lib\</path>
         <kind>archive</kind>
         <file>rts2800_ml.lib</file>
         <name>fs_toul28.asm.obj</name>
      </input_file>
      <input_file id="fl-5c">
         <path>C:\ti\ccs1040\ccs\tools\compiler\ti-cgt-c2000_20.2.5.LTS\lib\</path>
         <kind>archive</kind>
         <file>rts2800_ml.lib</file>
         <name>ll_aox28.asm.obj</name>
      </input_file>
      <input_file id="fl-5d">
         <path>C:\ti\ccs1040\ccs\tools\compiler\ti-cgt-c2000_20.2.5.LTS\lib\</path>
         <kind>archive</kind>
         <file>rts2800_ml.lib</file>
         <name>i_tofs28.asm.obj</name>
      </input_file>
      <input_file id="fl-5e">
         <path>C:\ti\ccs1040\ccs\tools\compiler\ti-cgt-c2000_20.2.5.LTS\lib\</path>
         <kind>archive</kind>
         <file>rts2800_ml.lib</file>
         <name>u_tofs28.asm.obj</name>
      </input_file>
      <input_file id="fl-5f">
         <path>C:\ti\ccs1040\ccs\tools\compiler\ti-cgt-c2000_20.2.5.LTS\lib\</path>
         <kind>archive</kind>
         <file>rts2800_ml.lib</file>
         <name>l_tofs28.asm.obj</name>
      </input_file>
      <input_file id="fl-60">
         <path>C:\ti\ccs1040\ccs\tools\compiler\ti-cgt-c2000_20.2.5.LTS\lib\</path>
         <kind>archive</kind>
         <file>rts2800_ml.lib</file>
         <name>l_div28.asm.obj</name>
      </input_file>
      <input_file id="fl-61">
         <path>C:\ti\ccs1040\ccs\tools\compiler\ti-cgt-c2000_20.2.5.LTS\lib\</path>
         <kind>archive</kind>
         <file>rts2800_ml.lib</file>
         <name>ul_tofs28.asm.obj</name>
      </input_file>
      <input_file id="fl-62">
         <path>C:\ti\ccs1040\ccs\tools\compiler\ti-cgt-c2000_20.2.5.LTS\lib\</path>
         <kind>archive</kind>
         <file>rts2800_ml.lib</file>
         <name>cpy_tbl.c.obj</name>
      </input_file>
      <input_file id="fl-63">
         <path>C:\ti\ccs1040\ccs\tools\compiler\ti-cgt-c2000_20.2.5.LTS\lib\</path>
         <kind>archive</kind>
         <file>rts2800_ml.lib</file>
         <name>memcpy.c.obj</name>
      </input_file>
      <input_file id="fl-64">
         <path>C:\ti\ccs1040\ccs\tools\compiler\ti-cgt-c2000_20.2.5.LTS\lib\</path>
         <kind>archive</kind>
         <file>rts2800_ml.lib</file>
         <name>pre_init.c.obj</name>
      </input_file>
      <input_file id="fl-65">
         <path>C:\ti\ccs1040\ccs\tools\compiler\ti-cgt-c2000_20.2.5.LTS\lib\</path>
         <kind>archive</kind>
         <file>rts2800_ml.lib</file>
         <name>startup.c.obj</name>
      </input_file>
      <input_file id="fl-66">
         <path>C:\ti\ccs1040\ccs\tools\compiler\ti-cgt-c2000_20.2.5.LTS\lib\</path>
         <kind>archive</kind>
         <file>rts2800_ml.lib</file>
         <name>exit.c.obj</name>
      </input_file>
      <input_file id="fl-67">
         <path>C:\ti\ccs1040\ccs\tools\compiler\ti-cgt-c2000_20.2.5.LTS\lib\</path>
         <kind>archive</kind>
         <file>rts2800_ml.lib</file>
         <name>_lock.c.obj</name>
      </input_file>
      <input_file id="fl-68">
         <path>C:\ti\ccs1040\ccs\tools\compiler\ti-cgt-c2000_20.2.5.LTS\lib\</path>
         <kind>archive</kind>
         <file>rts2800_ml.lib</file>
         <name>atoi.c.obj</name>
      </input_file>
      <input_file id="fl-69">
         <path>C:\ti\ccs1040\ccs\tools\compiler\ti-cgt-c2000_20.2.5.LTS\lib\</path>
         <kind>archive</kind>
         <file>rts2800_ml.lib</file>
         <name>ctype.c.obj</name>
      </input_file>
      <input_file id="fl-6a">
         <path>C:\ti\ccs1040\ccs\tools\compiler\ti-cgt-c2000_20.2.5.LTS\lib\</path>
         <kind>archive</kind>
         <file>rts2800_ml.lib</file>
         <name>isdigit.c.obj</name>
      </input_file>
      <input_file id="fl-6b">
         <path>C:\ti\ccs1040\ccs\tools\compiler\ti-cgt-c2000_20.2.5.LTS\lib\</path>
         <kind>archive</kind>
         <file>rts2800_ml.lib</file>
         <name>isxdigit.c.obj</name>
      </input_file>
      <input_file id="fl-6c">
         <path>C:\ti\ccs1040\ccs\tools\compiler\ti-cgt-c2000_20.2.5.LTS\lib\</path>
         <kind>archive</kind>
         <file>rts2800_ml.lib</file>
         <name>memcmp.c.obj</name>
      </input_file>
      <input_file id="fl-6d">
         <path>C:\ti\ccs1040\ccs\tools\compiler\ti-cgt-c2000_20.2.5.LTS\lib\</path>
         <kind>archive</kind>
         <file>rts2800_ml.lib</file>
         <name>memset.c.obj</name>
      </input_file>
      <input_file id="fl-6e">
         <path>C:\ti\ccs1040\ccs\tools\compiler\ti-cgt-c2000_20.2.5.LTS\lib\</path>
         <kind>archive</kind>
         <file>rts2800_ml.lib</file>
         <name>strcat.c.obj</name>
      </input_file>
      <input_file id="fl-6f">
         <path>C:\ti\ccs1040\ccs\tools\compiler\ti-cgt-c2000_20.2.5.LTS\lib\</path>
         <kind>archive</kind>
         <file>rts2800_ml.lib</file>
         <name>strcmp.c.obj</name>
      </input_file>
      <input_file id="fl-70">
         <path>C:\ti\ccs1040\ccs\tools\compiler\ti-cgt-c2000_20.2.5.LTS\lib\</path>
         <kind>archive</kind>
         <file>rts2800_ml.lib</file>
         <name>strcpy.c.obj</name>
      </input_file>
      <input_file id="fl-71">
         <path>C:\ti\ccs1040\ccs\tools\compiler\ti-cgt-c2000_20.2.5.LTS\lib\</path>
         <kind>archive</kind>
         <file>rts2800_ml.lib</file>
         <name>strlen.c.obj</name>
      </input_file>
      <input_file id="fl-72">
         <path>C:\ti\ccs1040\ccs\tools\compiler\ti-cgt-c2000_20.2.5.LTS\lib\</path>
         <kind>archive</kind>
         <file>rts2800_ml.lib</file>
         <name>strncmp.c.obj</name>
      </input_file>
      <input_file id="fl-73">
         <path>C:\ti\ccs1040\ccs\tools\compiler\ti-cgt-c2000_20.2.5.LTS\lib\</path>
         <kind>archive</kind>
         <file>rts2800_ml.lib</file>
         <name>strncpy.c.obj</name>
      </input_file>
      <input_file id="fl-74">
         <path>C:\ti\ccs1040\ccs\tools\compiler\ti-cgt-c2000_20.2.5.LTS\lib\</path>
         <kind>archive</kind>
         <file>rts2800_ml.lib</file>
         <name>tolower.c.obj</name>
      </input_file>
   </input_file_list>
   <object_component_list>
      <object_component id="oc-171">
         <name>codestart</name>
         <load_address>0x0</load_address>
         <run_address>0x0</run_address>
         <size>0x2</size>
         <input_file_ref idref="fl-27"/>
      </object_component>
      <object_component id="oc-1fd">
         <name>.TI.ramfunc</name>
         <load_address>0x2a6</load_address>
         <run_address>0x2a6</run_address>
         <size>0x4</size>
         <input_file_ref idref="fl-42"/>
      </object_component>
      <object_component id="oc-37f">
         <name>.text</name>
         <load_address>0x13000</load_address>
         <run_address>0x13000</run_address>
         <size>0x1341</size>
         <input_file_ref idref="fl-f"/>
      </object_component>
      <object_component id="oc-355">
         <name>.text</name>
         <load_address>0x14341</load_address>
         <run_address>0x14341</run_address>
         <size>0x7e7</size>
         <input_file_ref idref="fl-11"/>
      </object_component>
      <object_component id="oc-327">
         <name>.text</name>
         <load_address>0x14b28</load_address>
         <run_address>0x14b28</run_address>
         <size>0x6f8</size>
         <input_file_ref idref="fl-21"/>
      </object_component>
      <object_component id="oc-345">
         <name>.text</name>
         <load_address>0x15220</load_address>
         <run_address>0x15220</run_address>
         <size>0x5b0</size>
         <input_file_ref idref="fl-25"/>
      </object_component>
      <object_component id="oc-366">
         <name>.text</name>
         <load_address>0x157d0</load_address>
         <run_address>0x157d0</run_address>
         <size>0x4bf</size>
         <input_file_ref idref="fl-19"/>
      </object_component>
      <object_component id="oc-351">
         <name>.text</name>
         <load_address>0x15c8f</load_address>
         <run_address>0x15c8f</run_address>
         <size>0x487</size>
         <input_file_ref idref="fl-3b"/>
      </object_component>
      <object_component id="oc-36f">
         <name>.text</name>
         <load_address>0x16116</load_address>
         <run_address>0x16116</run_address>
         <size>0x461</size>
         <input_file_ref idref="fl-9"/>
      </object_component>
      <object_component id="oc-31b">
         <name>.text</name>
         <load_address>0x16577</load_address>
         <run_address>0x16577</run_address>
         <size>0x443</size>
         <input_file_ref idref="fl-8"/>
      </object_component>
      <object_component id="oc-38d">
         <name>.text</name>
         <load_address>0x169ba</load_address>
         <run_address>0x169ba</run_address>
         <size>0x421</size>
         <input_file_ref idref="fl-12"/>
      </object_component>
      <object_component id="oc-320">
         <name>.text</name>
         <load_address>0x16ddb</load_address>
         <run_address>0x16ddb</run_address>
         <size>0x3ed</size>
         <input_file_ref idref="fl-1f"/>
      </object_component>
      <object_component id="oc-368">
         <name>.text</name>
         <load_address>0x171c8</load_address>
         <run_address>0x171c8</run_address>
         <size>0x3be</size>
         <input_file_ref idref="fl-1a"/>
      </object_component>
      <object_component id="oc-182">
         <name>.text:retain</name>
         <load_address>0x17586</load_address>
         <run_address>0x17586</run_address>
         <size>0x2c1</size>
         <input_file_ref idref="fl-2a"/>
      </object_component>
      <object_component id="oc-35a">
         <name>.text</name>
         <load_address>0x17847</load_address>
         <run_address>0x17847</run_address>
         <size>0x28b</size>
         <input_file_ref idref="fl-d"/>
      </object_component>
      <object_component id="oc-372">
         <name>.text</name>
         <load_address>0x17ad2</load_address>
         <run_address>0x17ad2</run_address>
         <size>0x24d</size>
         <input_file_ref idref="fl-15"/>
      </object_component>
      <object_component id="oc-386">
         <name>.text</name>
         <load_address>0x17d1f</load_address>
         <run_address>0x17d1f</run_address>
         <size>0x244</size>
         <input_file_ref idref="fl-30"/>
      </object_component>
      <object_component id="oc-340">
         <name>.text</name>
         <load_address>0x17f63</load_address>
         <run_address>0x17f63</run_address>
         <size>0x231</size>
         <input_file_ref idref="fl-22"/>
      </object_component>
      <object_component id="oc-369">
         <name>.text</name>
         <load_address>0x18194</load_address>
         <run_address>0x18194</run_address>
         <size>0x1e7</size>
         <input_file_ref idref="fl-16"/>
      </object_component>
      <object_component id="oc-324">
         <name>.text</name>
         <load_address>0x1837b</load_address>
         <run_address>0x1837b</run_address>
         <size>0x1ce</size>
         <input_file_ref idref="fl-20"/>
      </object_component>
      <object_component id="oc-36a">
         <name>.text</name>
         <load_address>0x18549</load_address>
         <run_address>0x18549</run_address>
         <size>0x12c</size>
         <input_file_ref idref="fl-e"/>
      </object_component>
      <object_component id="oc-3ba">
         <name>.text</name>
         <load_address>0x18675</load_address>
         <run_address>0x18675</run_address>
         <size>0x11c</size>
         <input_file_ref idref="fl-2"/>
      </object_component>
      <object_component id="oc-36d">
         <name>.text</name>
         <load_address>0x18791</load_address>
         <run_address>0x18791</run_address>
         <size>0x92</size>
         <input_file_ref idref="fl-3f"/>
      </object_component>
      <object_component id="oc-27f">
         <name>.text</name>
         <load_address>0x18823</load_address>
         <run_address>0x18823</run_address>
         <size>0x83</size>
         <input_file_ref idref="fl-57"/>
      </object_component>
      <object_component id="oc-31f">
         <name>.text</name>
         <load_address>0x188a6</load_address>
         <run_address>0x188a6</run_address>
         <size>0x7f</size>
         <input_file_ref idref="fl-a"/>
      </object_component>
      <object_component id="oc-275">
         <name>.text</name>
         <load_address>0x18925</load_address>
         <run_address>0x18925</run_address>
         <size>0x78</size>
         <input_file_ref idref="fl-55"/>
      </object_component>
      <object_component id="oc-354">
         <name>.text</name>
         <load_address>0x1899d</load_address>
         <run_address>0x1899d</run_address>
         <size>0x73</size>
         <input_file_ref idref="fl-28"/>
      </object_component>
      <object_component id="oc-39d">
         <name>.text</name>
         <load_address>0x18a10</load_address>
         <run_address>0x18a10</run_address>
         <size>0x70</size>
         <input_file_ref idref="fl-1d"/>
      </object_component>
      <object_component id="oc-31c">
         <name>.text</name>
         <load_address>0x18a80</load_address>
         <run_address>0x18a80</run_address>
         <size>0x6f</size>
         <input_file_ref idref="fl-b"/>
      </object_component>
      <object_component id="oc-129">
         <name>.text</name>
         <load_address>0x18aef</load_address>
         <run_address>0x18aef</run_address>
         <size>0x6e</size>
         <input_file_ref idref="fl-1c"/>
      </object_component>
      <object_component id="oc-284">
         <name>.text</name>
         <load_address>0x18b5d</load_address>
         <run_address>0x18b5d</run_address>
         <size>0x5a</size>
         <input_file_ref idref="fl-58"/>
      </object_component>
      <object_component id="oc-87">
         <name>.text</name>
         <load_address>0x18bb7</load_address>
         <run_address>0x18bb7</run_address>
         <size>0x54</size>
         <input_file_ref idref="fl-54"/>
      </object_component>
      <object_component id="oc-317">
         <name>.text</name>
         <load_address>0x18c0b</load_address>
         <run_address>0x18c0b</run_address>
         <size>0x52</size>
         <input_file_ref idref="fl-1e"/>
      </object_component>
      <object_component id="oc-31e">
         <name>.text</name>
         <load_address>0x18c5d</load_address>
         <run_address>0x18c5d</run_address>
         <size>0x41</size>
         <input_file_ref idref="fl-10"/>
      </object_component>
      <object_component id="oc-364">
         <name>.text</name>
         <load_address>0x18c9e</load_address>
         <run_address>0x18c9e</run_address>
         <size>0x31</size>
         <input_file_ref idref="fl-68"/>
      </object_component>
      <object_component id="oc-2ac">
         <name>.text</name>
         <load_address>0x18ccf</load_address>
         <run_address>0x18ccf</run_address>
         <size>0x2a</size>
         <input_file_ref idref="fl-60"/>
      </object_component>
      <object_component id="oc-318">
         <name>.text</name>
         <load_address>0x18cf9</load_address>
         <run_address>0x18cf9</run_address>
         <size>0x29</size>
         <input_file_ref idref="fl-66"/>
      </object_component>
      <object_component id="oc-28e">
         <name>.text</name>
         <load_address>0x18d22</load_address>
         <run_address>0x18d22</run_address>
         <size>0x29</size>
         <input_file_ref idref="fl-5a"/>
      </object_component>
      <object_component id="oc-352">
         <name>.text</name>
         <load_address>0x18d4b</load_address>
         <run_address>0x18d4b</run_address>
         <size>0x28</size>
         <input_file_ref idref="fl-37"/>
      </object_component>
      <object_component id="oc-353">
         <name>.text</name>
         <load_address>0x18d73</load_address>
         <run_address>0x18d73</run_address>
         <size>0x26</size>
         <input_file_ref idref="fl-38"/>
      </object_component>
      <object_component id="oc-289">
         <name>.text</name>
         <load_address>0x18d99</load_address>
         <run_address>0x18d99</run_address>
         <size>0x25</size>
         <input_file_ref idref="fl-59"/>
      </object_component>
      <object_component id="oc-315">
         <name>.text</name>
         <load_address>0x18dbe</load_address>
         <run_address>0x18dbe</run_address>
         <size>0x24</size>
         <input_file_ref idref="fl-62"/>
      </object_component>
      <object_component id="oc-293">
         <name>.text</name>
         <load_address>0x18de2</load_address>
         <run_address>0x18de2</run_address>
         <size>0x21</size>
         <input_file_ref idref="fl-5b"/>
      </object_component>
      <object_component id="oc-137">
         <name>.text:retain</name>
         <load_address>0x18e03</load_address>
         <run_address>0x18e03</run_address>
         <size>0x1e</size>
         <input_file_ref idref="fl-1e"/>
      </object_component>
      <object_component id="oc-350">
         <name>.text</name>
         <load_address>0x18e21</load_address>
         <run_address>0x18e21</run_address>
         <size>0x1d</size>
         <input_file_ref idref="fl-63"/>
      </object_component>
      <object_component id="oc-148">
         <name>.text:retain</name>
         <load_address>0x18e3e</load_address>
         <run_address>0x18e3e</run_address>
         <size>0x1c</size>
         <input_file_ref idref="fl-20"/>
      </object_component>
      <object_component id="oc-29d">
         <name>.text</name>
         <load_address>0x18e5a</load_address>
         <run_address>0x18e5a</run_address>
         <size>0x1a</size>
         <input_file_ref idref="fl-5d"/>
      </object_component>
      <object_component id="oc-2a7">
         <name>.text</name>
         <load_address>0x18e74</load_address>
         <run_address>0x18e74</run_address>
         <size>0x1a</size>
         <input_file_ref idref="fl-5f"/>
      </object_component>
      <object_component id="oc-298">
         <name>.text</name>
         <load_address>0x18e8e</load_address>
         <run_address>0x18e8e</run_address>
         <size>0x18</size>
         <input_file_ref idref="fl-5c"/>
      </object_component>
      <object_component id="oc-27a">
         <name>.text</name>
         <load_address>0x18ea6</load_address>
         <run_address>0x18ea6</run_address>
         <size>0x17</size>
         <input_file_ref idref="fl-56"/>
      </object_component>
      <object_component id="oc-374">
         <name>.text</name>
         <load_address>0x18ebd</load_address>
         <run_address>0x18ebd</run_address>
         <size>0x16</size>
         <input_file_ref idref="fl-72"/>
      </object_component>
      <object_component id="oc-37a">
         <name>.text</name>
         <load_address>0x18ed3</load_address>
         <run_address>0x18ed3</run_address>
         <size>0x15</size>
         <input_file_ref idref="fl-73"/>
      </object_component>
      <object_component id="oc-385">
         <name>.text</name>
         <load_address>0x18ee8</load_address>
         <run_address>0x18ee8</run_address>
         <size>0x13</size>
         <input_file_ref idref="fl-6c"/>
      </object_component>
      <object_component id="oc-2b1">
         <name>.text</name>
         <load_address>0x18efb</load_address>
         <run_address>0x18efb</run_address>
         <size>0x13</size>
         <input_file_ref idref="fl-61"/>
      </object_component>
      <object_component id="oc-2a2">
         <name>.text</name>
         <load_address>0x18f0e</load_address>
         <run_address>0x18f0e</run_address>
         <size>0x10</size>
         <input_file_ref idref="fl-5e"/>
      </object_component>
      <object_component id="oc-365">
         <name>.text</name>
         <load_address>0x18f1e</load_address>
         <run_address>0x18f1e</run_address>
         <size>0xe</size>
         <input_file_ref idref="fl-1b"/>
      </object_component>
      <object_component id="oc-363">
         <name>.text</name>
         <load_address>0x18f2c</load_address>
         <run_address>0x18f2c</run_address>
         <size>0xa</size>
         <input_file_ref idref="fl-6f"/>
      </object_component>
      <object_component id="oc-38f">
         <name>.text</name>
         <load_address>0x18f36</load_address>
         <run_address>0x18f36</run_address>
         <size>0x9</size>
         <input_file_ref idref="fl-67"/>
      </object_component>
      <object_component id="oc-37b">
         <name>.text</name>
         <load_address>0x18f3f</load_address>
         <run_address>0x18f3f</run_address>
         <size>0x9</size>
         <input_file_ref idref="fl-6e"/>
      </object_component>
      <object_component id="oc-376">
         <name>.text</name>
         <load_address>0x18f48</load_address>
         <run_address>0x18f48</run_address>
         <size>0x8</size>
         <input_file_ref idref="fl-71"/>
      </object_component>
      <object_component id="oc-377">
         <name>.text</name>
         <load_address>0x18f50</load_address>
         <run_address>0x18f50</run_address>
         <size>0x5</size>
         <input_file_ref idref="fl-70"/>
      </object_component>
      <object_component id="oc-17c">
         <name>.text</name>
         <load_address>0x18f55</load_address>
         <run_address>0x18f55</run_address>
         <size>0x3</size>
         <input_file_ref idref="fl-29"/>
      </object_component>
      <object_component id="oc-314">
         <name>.text</name>
         <load_address>0x18f58</load_address>
         <run_address>0x18f58</run_address>
         <size>0x2</size>
         <input_file_ref idref="fl-64"/>
      </object_component>
      <object_component id="oc-316">
         <name>.text</name>
         <load_address>0x18f5a</load_address>
         <run_address>0x18f5a</run_address>
         <size>0x1</size>
         <input_file_ref idref="fl-65"/>
      </object_component>
      <object_component id="oc-3c4">
         <name>.cinit:__object_container</name>
         <load_address>0x122</load_address>
         <run_address>0x122</run_address>
         <size>0x53</size>
         <input_file_ref idref="fl-15"/>
      </object_component>
      <object_component id="oc-142">
         <name>.cinit:_c28x_pwm_obj</name>
         <load_address>0x175</load_address>
         <run_address>0x175</run_address>
         <size>0x23</size>
         <input_file_ref idref="fl-1f"/>
      </object_component>
      <object_component id="oc-232">
         <name>.cinit:_TRIP_SEL</name>
         <load_address>0x198</load_address>
         <run_address>0x198</run_address>
         <size>0x21</size>
         <input_file_ref idref="fl-41"/>
      </object_component>
      <object_component id="oc-25c">
         <name>.cinit:_EPWM</name>
         <load_address>0x1b9</load_address>
         <run_address>0x1b9</run_address>
         <size>0x1d</size>
         <input_file_ref idref="fl-41"/>
      </object_component>
      <object_component id="oc-ef">
         <name>.cinit:_rt_errno_strs</name>
         <load_address>0x1d6</load_address>
         <run_address>0x1d6</run_address>
         <size>0x1b</size>
         <input_file_ref idref="fl-11"/>
      </object_component>
      <object_component id="oc-22b">
         <name>.cinit:_ECAP</name>
         <load_address>0x1f1</load_address>
         <run_address>0x1f1</run_address>
         <size>0x11</size>
         <input_file_ref idref="fl-41"/>
      </object_component>
      <object_component id="oc-164">
         <name>.cinit</name>
         <load_address>0x202</load_address>
         <run_address>0x202</run_address>
         <size>0xf</size>
         <input_file_ref idref="fl-25"/>
      </object_component>
      <object_component id="oc-2cb">
         <name>.cinit</name>
         <load_address>0x211</load_address>
         <run_address>0x211</run_address>
         <size>0xe</size>
         <input_file_ref idref="fl-66"/>
      </object_component>
      <object_component id="oc-251">
         <name>.cinit:_ADC</name>
         <load_address>0x21f</load_address>
         <run_address>0x21f</run_address>
         <size>0xd</size>
         <input_file_ref idref="fl-41"/>
      </object_component>
      <object_component id="oc-237">
         <name>.cinit:_EQEP</name>
         <load_address>0x22c</load_address>
         <run_address>0x22c</run_address>
         <size>0xb</size>
         <input_file_ref idref="fl-41"/>
      </object_component>
      <object_component id="oc-219">
         <name>.cinit:_SPI</name>
         <load_address>0x237</load_address>
         <run_address>0x237</run_address>
         <size>0xb</size>
         <input_file_ref idref="fl-41"/>
      </object_component>
      <object_component id="oc-257">
         <name>.cinit:_SDFM</name>
         <load_address>0x242</load_address>
         <run_address>0x242</run_address>
         <size>0x9</size>
         <input_file_ref idref="fl-41"/>
      </object_component>
      <object_component id="oc-23b">
         <name>.cinit:_I2C</name>
         <load_address>0x24b</load_address>
         <run_address>0x24b</run_address>
         <size>0x7</size>
         <input_file_ref idref="fl-41"/>
      </object_component>
      <object_component id="oc-241">
         <name>.cinit:_MCBSP</name>
         <load_address>0x252</load_address>
         <run_address>0x252</run_address>
         <size>0x7</size>
         <input_file_ref idref="fl-41"/>
      </object_component>
      <object_component id="oc-214">
         <name>.cinit:_SCI</name>
         <load_address>0x259</load_address>
         <run_address>0x259</run_address>
         <size>0x7</size>
         <input_file_ref idref="fl-41"/>
      </object_component>
      <object_component id="oc-d7">
         <name>.cinit</name>
         <load_address>0x260</load_address>
         <run_address>0x260</run_address>
         <size>0x7</size>
         <input_file_ref idref="fl-e"/>
      </object_component>
      <object_component id="oc-357">
         <name>.cinit:__lock</name>
         <load_address>0x267</load_address>
         <run_address>0x267</run_address>
         <size>0x5</size>
         <input_file_ref idref="fl-67"/>
      </object_component>
      <object_component id="oc-390">
         <name>.cinit:__unlock</name>
         <load_address>0x26c</load_address>
         <run_address>0x26c</run_address>
         <size>0x5</size>
         <input_file_ref idref="fl-67"/>
      </object_component>
      <object_component id="oc-323">
         <name>.cinit:_uart_obj</name>
         <load_address>0x271</load_address>
         <run_address>0x271</run_address>
         <size>0x5</size>
         <input_file_ref idref="fl-20"/>
      </object_component>
      <object_component id="oc-be">
         <name>.cinit</name>
         <load_address>0x276</load_address>
         <run_address>0x276</run_address>
         <size>0x5</size>
         <input_file_ref idref="fl-a"/>
      </object_component>
      <object_component id="oc-12f">
         <name>.cinit</name>
         <load_address>0x27b</load_address>
         <run_address>0x27b</run_address>
         <size>0x5</size>
         <input_file_ref idref="fl-1d"/>
      </object_component>
      <object_component id="oc-13e">
         <name>.cinit</name>
         <load_address>0x280</load_address>
         <run_address>0x280</run_address>
         <size>0x5</size>
         <input_file_ref idref="fl-1f"/>
      </object_component>
      <object_component id="oc-ec">
         <name>.cinit</name>
         <load_address>0x285</load_address>
         <run_address>0x285</run_address>
         <size>0x5</size>
         <input_file_ref idref="fl-11"/>
      </object_component>
      <object_component id="oc-ad">
         <name>.cinit</name>
         <load_address>0x28a</load_address>
         <run_address>0x28a</run_address>
         <size>0x5</size>
         <input_file_ref idref="fl-8"/>
      </object_component>
      <object_component id="oc-10b">
         <name>.cinit</name>
         <load_address>0x28f</load_address>
         <run_address>0x28f</run_address>
         <size>0x5</size>
         <input_file_ref idref="fl-16"/>
      </object_component>
      <object_component id="oc-1f0">
         <name>.cinit</name>
         <load_address>0x294</load_address>
         <run_address>0x294</run_address>
         <size>0x4</size>
         <input_file_ref idref="fl-3f"/>
      </object_component>
      <object_component id="oc-379">
         <name>.cinit:_finsh_prompt$1</name>
         <load_address>0x298</load_address>
         <run_address>0x298</run_address>
         <size>0x4</size>
         <input_file_ref idref="fl-25"/>
      </object_component>
      <object_component id="oc-e5">
         <name>.cinit</name>
         <load_address>0x29c</load_address>
         <run_address>0x29c</run_address>
         <size>0x4</size>
         <input_file_ref idref="fl-10"/>
      </object_component>
      <object_component id="oc-b6">
         <name>.cinit</name>
         <load_address>0x2a0</load_address>
         <run_address>0x2a0</run_address>
         <size>0x4</size>
         <input_file_ref idref="fl-9"/>
      </object_component>
      <object_component id="oc-270">
         <name>.reset</name>
         <load_address>0x3fffc0</load_address>
         <run_address>0x3fffc0</run_address>
         <size>0x2</size>
         <input_file_ref idref="fl-54"/>
      </object_component>
      <object_component id="oc-c6">
         <name>.rti_fn.0.end</name>
         <load_address>0x562</load_address>
         <run_address>0x562</run_address>
         <size>0x2</size>
         <input_file_ref idref="fl-b"/>
      </object_component>
      <object_component id="oc-c5">
         <name>.rti_fn.0</name>
         <load_address>0x560</load_address>
         <run_address>0x560</run_address>
         <size>0x2</size>
         <input_file_ref idref="fl-b"/>
      </object_component>
      <object_component id="oc-140">
         <name>.rti_fn.3</name>
         <load_address>0x566</load_address>
         <run_address>0x566</run_address>
         <size>0x2</size>
         <input_file_ref idref="fl-1f"/>
      </object_component>
      <object_component id="oc-c7">
         <name>.rti_fn.1.end</name>
         <load_address>0x564</load_address>
         <run_address>0x564</run_address>
         <size>0x2</size>
         <input_file_ref idref="fl-b"/>
      </object_component>
      <object_component id="oc-c8">
         <name>.rti_fn.6.end</name>
         <load_address>0x56a</load_address>
         <run_address>0x56a</run_address>
         <size>0x2</size>
         <input_file_ref idref="fl-b"/>
      </object_component>
      <object_component id="oc-166">
         <name>.rti_fn.6</name>
         <load_address>0x568</load_address>
         <run_address>0x568</run_address>
         <size>0x2</size>
         <input_file_ref idref="fl-25"/>
      </object_component>
      <object_component id="oc-26f">
         <name>.stack</name>
         <uninitialized>true</uninitialized>
         <run_address>0x400</run_address>
         <size>0x0</size>
         <input_file_ref idref="fl-54"/>
      </object_component>
      <object_component id="oc-488">
         <name>.stack</name>
         <uninitialized>true</uninitialized>
         <run_address>0x400</run_address>
         <size>0x0</size>
      </object_component>
      <object_component id="oc-ae">
         <name>.ebss</name>
         <uninitialized>true</uninitialized>
         <run_address>0x882c</run_address>
         <size>0x2</size>
         <input_file_ref idref="fl-8"/>
      </object_component>
      <object_component id="oc-b7">
         <name>.ebss</name>
         <uninitialized>true</uninitialized>
         <run_address>0x882e</run_address>
         <size>0x1</size>
         <input_file_ref idref="fl-9"/>
      </object_component>
      <object_component id="oc-bf">
         <name>.ebss</name>
         <uninitialized>true</uninitialized>
         <run_address>0x881e</run_address>
         <size>0x4</size>
         <input_file_ref idref="fl-a"/>
      </object_component>
      <object_component id="oc-d8">
         <name>.ebss</name>
         <uninitialized>true</uninitialized>
         <run_address>0x8822</run_address>
         <size>0x4</size>
         <input_file_ref idref="fl-e"/>
      </object_component>
      <object_component id="oc-3b3">
         <name>.ebss:_idle_hook_list</name>
         <uninitialized>true</uninitialized>
         <run_address>0x87d2</run_address>
         <size>0x8</size>
         <input_file_ref idref="fl-e"/>
      </object_component>
      <object_component id="oc-3b5">
         <name>.ebss:_idle_thread</name>
         <uninitialized>true</uninitialized>
         <run_address>0x8740</run_address>
         <size>0x48</size>
         <input_file_ref idref="fl-e"/>
      </object_component>
      <object_component id="oc-3b4">
         <name>.ebss:_idle_thread_stack</name>
         <uninitialized>true</uninitialized>
         <run_address>0x8000</run_address>
         <size>0x400</size>
         <input_file_ref idref="fl-e"/>
      </object_component>
      <object_component id="oc-e6">
         <name>.ebss</name>
         <uninitialized>true</uninitialized>
         <run_address>0x87f6</run_address>
         <size>0x6</size>
         <input_file_ref idref="fl-10"/>
      </object_component>
      <object_component id="oc-ed">
         <name>.ebss</name>
         <uninitialized>true</uninitialized>
         <run_address>0x855c</run_address>
         <size>0x24</size>
         <input_file_ref idref="fl-11"/>
      </object_component>
      <object_component id="oc-31d">
         <name>.ebss:_rt_errno_strs</name>
         <uninitialized>true</uninitialized>
         <run_address>0x87a0</run_address>
         <size>0x18</size>
         <input_file_ref idref="fl-11"/>
      </object_component>
      <object_component id="oc-38b">
         <name>.ebss:_rt_log_buf$5</name>
         <uninitialized>true</uninitialized>
         <run_address>0x8640</run_address>
         <size>0x80</size>
         <input_file_ref idref="fl-11"/>
      </object_component>
      <object_component id="oc-fd">
         <name>.ebss</name>
         <uninitialized>true</uninitialized>
         <run_address>0x8826</run_address>
         <size>0x4</size>
         <input_file_ref idref="fl-14"/>
      </object_component>
      <object_component id="oc-104">
         <name>.ebss</name>
         <uninitialized>true</uninitialized>
         <run_address>0x8734</run_address>
         <size>0xa</size>
         <input_file_ref idref="fl-15"/>
      </object_component>
      <object_component id="oc-3c3">
         <name>.ebss:__object_container</name>
         <uninitialized>true</uninitialized>
         <run_address>0x86c0</run_address>
         <size>0x50</size>
         <input_file_ref idref="fl-15"/>
      </object_component>
      <object_component id="oc-10c">
         <name>.ebss</name>
         <uninitialized>true</uninitialized>
         <run_address>0x87c0</run_address>
         <size>0xa</size>
         <input_file_ref idref="fl-16"/>
      </object_component>
      <object_component id="oc-3b0">
         <name>.ebss:_rt_thread_priority_table</name>
         <uninitialized>true</uninitialized>
         <run_address>0x8602</run_address>
         <size>0x20</size>
         <input_file_ref idref="fl-16"/>
      </object_component>
      <object_component id="oc-117">
         <name>.ebss</name>
         <uninitialized>true</uninitialized>
         <run_address>0x8806</run_address>
         <size>0x6</size>
         <input_file_ref idref="fl-19"/>
      </object_component>
      <object_component id="oc-11e">
         <name>.ebss</name>
         <uninitialized>true</uninitialized>
         <run_address>0x880c</run_address>
         <size>0x6</size>
         <input_file_ref idref="fl-1a"/>
      </object_component>
      <object_component id="oc-3ad">
         <name>.ebss:__timer_list</name>
         <uninitialized>true</uninitialized>
         <run_address>0x881a</run_address>
         <size>0x4</size>
         <input_file_ref idref="fl-1a"/>
      </object_component>
      <object_component id="oc-130">
         <name>.ebss</name>
         <uninitialized>true</uninitialized>
         <run_address>0x87da</run_address>
         <size>0x8</size>
         <input_file_ref idref="fl-1d"/>
      </object_component>
      <object_component id="oc-13f">
         <name>.ebss</name>
         <uninitialized>true</uninitialized>
         <run_address>0x882a</run_address>
         <size>0x2</size>
         <input_file_ref idref="fl-1f"/>
      </object_component>
      <object_component id="oc-321">
         <name>.ebss:_c28x_pwm_obj</name>
         <uninitialized>true</uninitialized>
         <run_address>0x8400</run_address>
         <size>0xb0</size>
         <input_file_ref idref="fl-1f"/>
      </object_component>
      <object_component id="oc-322">
         <name>.ebss:_uart_obj</name>
         <uninitialized>true</uninitialized>
         <run_address>0x84c0</run_address>
         <size>0x9c</size>
         <input_file_ref idref="fl-20"/>
      </object_component>
      <object_component id="oc-165">
         <name>.ebss</name>
         <uninitialized>true</uninitialized>
         <run_address>0x87e2</run_address>
         <size>0x8</size>
         <input_file_ref idref="fl-25"/>
      </object_component>
      <object_component id="oc-378">
         <name>.ebss:_finsh_prompt$1</name>
         <uninitialized>true</uninitialized>
         <run_address>0x8580</run_address>
         <size>0x81</size>
         <input_file_ref idref="fl-25"/>
      </object_component>
      <object_component id="oc-177">
         <name>.ebss</name>
         <uninitialized>true</uninitialized>
         <run_address>0x8788</run_address>
         <size>0x18</size>
         <input_file_ref idref="fl-28"/>
      </object_component>
      <object_component id="oc-1e0">
         <name>.ebss</name>
         <uninitialized>true</uninitialized>
         <run_address>0x87ea</run_address>
         <size>0x6</size>
         <input_file_ref idref="fl-3c"/>
      </object_component>
      <object_component id="oc-1f1">
         <name>.ebss</name>
         <uninitialized>true</uninitialized>
         <run_address>0x8601</run_address>
         <size>0x1</size>
         <input_file_ref idref="fl-3f"/>
      </object_component>
      <object_component id="oc-34b">
         <name>.ebss:_I2C</name>
         <uninitialized>true</uninitialized>
         <run_address>0x87fc</run_address>
         <size>0x4</size>
         <input_file_ref idref="fl-41"/>
      </object_component>
      <object_component id="oc-34c">
         <name>.ebss:_MCBSP</name>
         <uninitialized>true</uninitialized>
         <run_address>0x8812</run_address>
         <size>0x4</size>
         <input_file_ref idref="fl-41"/>
      </object_component>
      <object_component id="oc-346">
         <name>.ebss:_SCI</name>
         <uninitialized>true</uninitialized>
         <run_address>0x8816</run_address>
         <size>0x4</size>
         <input_file_ref idref="fl-41"/>
      </object_component>
      <object_component id="oc-34e">
         <name>.ebss:_SDFM</name>
         <uninitialized>true</uninitialized>
         <run_address>0x87f0</run_address>
         <size>0x6</size>
         <input_file_ref idref="fl-41"/>
      </object_component>
      <object_component id="oc-34a">
         <name>.ebss:_EQEP</name>
         <uninitialized>true</uninitialized>
         <run_address>0x87b8</run_address>
         <size>0x8</size>
         <input_file_ref idref="fl-41"/>
      </object_component>
      <object_component id="oc-347">
         <name>.ebss:_SPI</name>
         <uninitialized>true</uninitialized>
         <run_address>0x87ca</run_address>
         <size>0x8</size>
         <input_file_ref idref="fl-41"/>
      </object_component>
      <object_component id="oc-34d">
         <name>.ebss:_ADC</name>
         <uninitialized>true</uninitialized>
         <run_address>0x872a</run_address>
         <size>0xa</size>
         <input_file_ref idref="fl-41"/>
      </object_component>
      <object_component id="oc-348">
         <name>.ebss:_ECAP</name>
         <uninitialized>true</uninitialized>
         <run_address>0x84b0</run_address>
         <size>0xe</size>
         <input_file_ref idref="fl-41"/>
      </object_component>
      <object_component id="oc-34f">
         <name>.ebss:_EPWM</name>
         <uninitialized>true</uninitialized>
         <run_address>0x8710</run_address>
         <size>0x1a</size>
         <input_file_ref idref="fl-41"/>
      </object_component>
      <object_component id="oc-349">
         <name>.ebss:_TRIP_SEL</name>
         <uninitialized>true</uninitialized>
         <run_address>0x8622</run_address>
         <size>0x1e</size>
         <input_file_ref idref="fl-41"/>
      </object_component>
      <object_component id="oc-2cc">
         <name>.ebss</name>
         <uninitialized>true</uninitialized>
         <run_address>0x8800</run_address>
         <size>0x6</size>
         <input_file_ref idref="fl-66"/>
      </object_component>
      <object_component id="oc-356">
         <name>.ebss:__lock</name>
         <uninitialized>true</uninitialized>
         <run_address>0x84be</run_address>
         <size>0x2</size>
         <input_file_ref idref="fl-67"/>
      </object_component>
      <object_component id="oc-3f7">
         <name>.ebss:__unlock</name>
         <uninitialized>true</uninitialized>
         <run_address>0x873e</run_address>
         <size>0x2</size>
         <input_file_ref idref="fl-67"/>
      </object_component>
      <object_component id="oc-150">
         <name>.econst:.string</name>
         <load_address>0xf000</load_address>
         <run_address>0xf000</run_address>
         <size>0x76f</size>
         <input_file_ref idref="fl-21"/>
      </object_component>
      <object_component id="oc-b0">
         <name>.econst:.string</name>
         <load_address>0xf770</load_address>
         <run_address>0xf770</run_address>
         <size>0x696</size>
         <input_file_ref idref="fl-8"/>
      </object_component>
      <object_component id="oc-df">
         <name>.econst:.string</name>
         <load_address>0xfe06</load_address>
         <run_address>0xfe06</run_address>
         <size>0x4b8</size>
         <input_file_ref idref="fl-f"/>
      </object_component>
      <object_component id="oc-f5">
         <name>.econst:.string</name>
         <load_address>0x102be</load_address>
         <run_address>0x102be</run_address>
         <size>0x403</size>
         <input_file_ref idref="fl-12"/>
      </object_component>
      <object_component id="oc-118">
         <name>.econst:.string</name>
         <load_address>0x106c2</load_address>
         <run_address>0x106c2</run_address>
         <size>0x223</size>
         <input_file_ref idref="fl-19"/>
      </object_component>
      <object_component id="oc-ee">
         <name>.econst:.string</name>
         <load_address>0x108e6</load_address>
         <run_address>0x108e6</run_address>
         <size>0x1c1</size>
         <input_file_ref idref="fl-11"/>
      </object_component>
      <object_component id="oc-387">
         <name>.econst:_PieVectTableInit</name>
         <load_address>0x10aa8</load_address>
         <run_address>0x10aa8</run_address>
         <size>0x1c0</size>
         <input_file_ref idref="fl-38"/>
      </object_component>
      <object_component id="oc-fe">
         <name>.econst:.string</name>
         <load_address>0x10c68</load_address>
         <run_address>0x10c68</run_address>
         <size>0x145</size>
         <input_file_ref idref="fl-14"/>
      </object_component>
      <object_component id="oc-39b">
         <name>.econst:.string:__ctypes_</name>
         <load_address>0x10dad</load_address>
         <run_address>0x10dad</run_address>
         <size>0x101</size>
         <input_file_ref idref="fl-69"/>
      </object_component>
      <object_component id="oc-38e">
         <name>.econst:.string:___lowest_bit_bitmap</name>
         <load_address>0x10eae</load_address>
         <run_address>0x10eae</run_address>
         <size>0x100</size>
         <input_file_ref idref="fl-11"/>
      </object_component>
      <object_component id="oc-11f">
         <name>.econst:.string</name>
         <load_address>0x10fae</load_address>
         <run_address>0x10fae</run_address>
         <size>0x100</size>
         <input_file_ref idref="fl-1a"/>
      </object_component>
      <object_component id="oc-d1">
         <name>.econst:.string</name>
         <load_address>0x110ae</load_address>
         <run_address>0x110ae</run_address>
         <size>0xf2</size>
         <input_file_ref idref="fl-d"/>
      </object_component>
      <object_component id="oc-8f">
         <name>.econst:.string</name>
         <load_address>0x111a0</load_address>
         <run_address>0x111a0</run_address>
         <size>0xec</size>
         <input_file_ref idref="fl-3"/>
      </object_component>
      <object_component id="oc-89">
         <name>.econst:.string</name>
         <load_address>0x1128c</load_address>
         <run_address>0x1128c</run_address>
         <size>0xd1</size>
         <input_file_ref idref="fl-2"/>
      </object_component>
      <object_component id="oc-b8">
         <name>.econst:.string</name>
         <load_address>0x1135e</load_address>
         <run_address>0x1135e</run_address>
         <size>0xd1</size>
         <input_file_ref idref="fl-9"/>
      </object_component>
      <object_component id="oc-157">
         <name>.econst:.string</name>
         <load_address>0x11430</load_address>
         <run_address>0x11430</run_address>
         <size>0xb2</size>
         <input_file_ref idref="fl-22"/>
      </object_component>
      <object_component id="oc-95">
         <name>.econst:.string</name>
         <load_address>0x114e2</load_address>
         <run_address>0x114e2</run_address>
         <size>0xa2</size>
         <input_file_ref idref="fl-4"/>
      </object_component>
      <object_component id="oc-105">
         <name>.econst:.string</name>
         <load_address>0x11584</load_address>
         <run_address>0x11584</run_address>
         <size>0x8b</size>
         <input_file_ref idref="fl-15"/>
      </object_component>
      <object_component id="oc-a1">
         <name>.econst:.string</name>
         <load_address>0x11610</load_address>
         <run_address>0x11610</run_address>
         <size>0x8b</size>
         <input_file_ref idref="fl-6"/>
      </object_component>
      <object_component id="oc-167">
         <name>.econst:.string</name>
         <load_address>0x1169c</load_address>
         <run_address>0x1169c</run_address>
         <size>0x81</size>
         <input_file_ref idref="fl-25"/>
      </object_component>
      <object_component id="oc-a7">
         <name>.econst:.string</name>
         <load_address>0x1171e</load_address>
         <run_address>0x1171e</run_address>
         <size>0x5e</size>
         <input_file_ref idref="fl-7"/>
      </object_component>
      <object_component id="oc-141">
         <name>.econst:.string</name>
         <load_address>0x1177c</load_address>
         <run_address>0x1177c</run_address>
         <size>0x4f</size>
         <input_file_ref idref="fl-1f"/>
      </object_component>
      <object_component id="oc-149">
         <name>.econst:.string</name>
         <load_address>0x117cc</load_address>
         <run_address>0x117cc</run_address>
         <size>0x43</size>
         <input_file_ref idref="fl-20"/>
      </object_component>
      <object_component id="oc-373">
         <name>.econst:_device_type_str</name>
         <load_address>0x11810</load_address>
         <run_address>0x11810</run_address>
         <size>0x3c</size>
         <input_file_ref idref="fl-21"/>
      </object_component>
      <object_component id="oc-344">
         <name>.econst:.string:___fsym_free_desc</name>
         <load_address>0x1184c</load_address>
         <run_address>0x1184c</run_address>
         <size>0x25</size>
         <input_file_ref idref="fl-22"/>
      </object_component>
      <object_component id="oc-329">
         <name>.econst:.string:___fsym_version_desc</name>
         <load_address>0x11871</load_address>
         <run_address>0x11871</run_address>
         <size>0x23</size>
         <input_file_ref idref="fl-21"/>
      </object_component>
      <object_component id="oc-335">
         <name>.econst:.string:___fsym_list_msgqueue_desc</name>
         <load_address>0x11894</load_address>
         <run_address>0x11894</run_address>
         <size>0x1d</size>
         <input_file_ref idref="fl-21"/>
      </object_component>
      <object_component id="oc-342">
         <name>.econst:.string:___fsym_ps_desc</name>
         <load_address>0x118b1</load_address>
         <run_address>0x118b1</run_address>
         <size>0x1c</size>
         <input_file_ref idref="fl-22"/>
      </object_component>
      <object_component id="oc-337">
         <name>.econst:.string:___fsym_list_mempool_desc</name>
         <load_address>0x118cd</load_address>
         <run_address>0x118cd</run_address>
         <size>0x1b</size>
         <input_file_ref idref="fl-21"/>
      </object_component>
      <object_component id="oc-3b1">
         <name>.econst:.string:_$P$T0$1</name>
         <load_address>0x118e8</load_address>
         <run_address>0x118e8</run_address>
         <size>0x1a</size>
         <input_file_ref idref="fl-16"/>
      </object_component>
      <object_component id="oc-3b2">
         <name>.econst:.string:_$P$T1$2</name>
         <load_address>0x11902</load_address>
         <run_address>0x11902</run_address>
         <size>0x1a</size>
         <input_file_ref idref="fl-16"/>
      </object_component>
      <object_component id="oc-3c9">
         <name>.econst:.string:_$P$T4$5</name>
         <load_address>0x1191c</load_address>
         <run_address>0x1191c</run_address>
         <size>0x1a</size>
         <input_file_ref idref="fl-15"/>
      </object_component>
      <object_component id="oc-399">
         <name>.econst:.string:_$P$T8$9</name>
         <load_address>0x11936</load_address>
         <run_address>0x11936</run_address>
         <size>0x1a</size>
         <input_file_ref idref="fl-d"/>
      </object_component>
      <object_component id="oc-39a">
         <name>.econst:.string:_$P$T9$10</name>
         <load_address>0x11950</load_address>
         <run_address>0x11950</run_address>
         <size>0x1a</size>
         <input_file_ref idref="fl-d"/>
      </object_component>
      <object_component id="oc-326">
         <name>.econst:.string:___fsym_clear_desc</name>
         <load_address>0x1196a</load_address>
         <run_address>0x1196a</run_address>
         <size>0x1a</size>
         <input_file_ref idref="fl-21"/>
      </object_component>
      <object_component id="oc-32d">
         <name>.econst:.string:___fsym_list_sem_desc</name>
         <load_address>0x11984</load_address>
         <run_address>0x11984</run_address>
         <size>0x19</size>
         <input_file_ref idref="fl-21"/>
      </object_component>
      <object_component id="oc-333">
         <name>.econst:.string:___fsym_list_mailbox_desc</name>
         <load_address>0x1199d</load_address>
         <run_address>0x1199d</run_address>
         <size>0x18</size>
         <input_file_ref idref="fl-21"/>
      </object_component>
      <object_component id="oc-9b">
         <name>.econst:.string</name>
         <load_address>0x119b6</load_address>
         <run_address>0x119b6</run_address>
         <size>0x17</size>
         <input_file_ref idref="fl-5"/>
      </object_component>
      <object_component id="oc-37c">
         <name>.econst:.string:_$P$T0$2</name>
         <load_address>0x119cd</load_address>
         <run_address>0x119cd</run_address>
         <size>0x16</size>
         <input_file_ref idref="fl-25"/>
      </object_component>
      <object_component id="oc-37d">
         <name>.econst:.string:_$P$T1$3</name>
         <load_address>0x119e3</load_address>
         <run_address>0x119e3</run_address>
         <size>0x16</size>
         <input_file_ref idref="fl-25"/>
      </object_component>
      <object_component id="oc-3c1">
         <name>.econst:.string:_$P$T10$12</name>
         <load_address>0x119f9</load_address>
         <run_address>0x119f9</run_address>
         <size>0x16</size>
         <input_file_ref idref="fl-9"/>
      </object_component>
      <object_component id="oc-3a4">
         <name>.econst:.string:_$P$T7$8</name>
         <load_address>0x11a0f</load_address>
         <run_address>0x11a0f</run_address>
         <size>0x16</size>
         <input_file_ref idref="fl-19"/>
      </object_component>
      <object_component id="oc-33f">
         <name>.econst:.string:___fsym_help_desc</name>
         <load_address>0x11a25</load_address>
         <run_address>0x11a25</run_address>
         <size>0x16</size>
         <input_file_ref idref="fl-22"/>
      </object_component>
      <object_component id="oc-33b">
         <name>.econst:.string:___fsym_list_device_desc</name>
         <load_address>0x11a3b</load_address>
         <run_address>0x11a3b</run_address>
         <size>0x16</size>
         <input_file_ref idref="fl-21"/>
      </object_component>
      <object_component id="oc-391">
         <name>.econst:.string:_$P$T0$1</name>
         <load_address>0x11a51</load_address>
         <run_address>0x11a51</run_address>
         <size>0x15</size>
         <input_file_ref idref="fl-d"/>
      </object_component>
      <object_component id="oc-32f">
         <name>.econst:.string:___fsym_list_event_desc</name>
         <load_address>0x11a66</load_address>
         <run_address>0x11a66</run_address>
         <size>0x15</size>
         <input_file_ref idref="fl-21"/>
      </object_component>
      <object_component id="oc-331">
         <name>.econst:.string:___fsym_list_mutex_desc</name>
         <load_address>0x11a7b</load_address>
         <run_address>0x11a7b</run_address>
         <size>0x15</size>
         <input_file_ref idref="fl-21"/>
      </object_component>
      <object_component id="oc-339">
         <name>.econst:.string:___fsym_list_timer_desc</name>
         <load_address>0x11a90</load_address>
         <run_address>0x11a90</run_address>
         <size>0x15</size>
         <input_file_ref idref="fl-21"/>
      </object_component>
      <object_component id="oc-c9">
         <name>.econst:.string</name>
         <load_address>0x11aa6</load_address>
         <run_address>0x11aa6</run_address>
         <size>0x15</size>
         <input_file_ref idref="fl-b"/>
      </object_component>
      <object_component id="oc-367">
         <name>.econst:.string:_$P$T0$1</name>
         <load_address>0x11abb</load_address>
         <run_address>0x11abb</run_address>
         <size>0x14</size>
         <input_file_ref idref="fl-b"/>
      </object_component>
      <object_component id="oc-38c">
         <name>.econst:.string:_$P$T2$6</name>
         <load_address>0x11acf</load_address>
         <run_address>0x11acf</run_address>
         <size>0x14</size>
         <input_file_ref idref="fl-11"/>
      </object_component>
      <object_component id="oc-3f9">
         <name>.econst:.string:_$P$T0$1</name>
         <load_address>0x11ae3</load_address>
         <run_address>0x11ae3</run_address>
         <size>0x13</size>
         <input_file_ref idref="fl-2"/>
      </object_component>
      <object_component id="oc-3f8">
         <name>.econst:.string:_$P$T0$1</name>
         <load_address>0x11af6</load_address>
         <run_address>0x11af6</run_address>
         <size>0x13</size>
         <input_file_ref idref="fl-1d"/>
      </object_component>
      <object_component id="oc-3fa">
         <name>.econst:.string:_$P$T1$2</name>
         <load_address>0x11b09</load_address>
         <run_address>0x11b09</run_address>
         <size>0x13</size>
         <input_file_ref idref="fl-2"/>
      </object_component>
      <object_component id="oc-3fb">
         <name>.econst:.string:_$P$T2$3</name>
         <load_address>0x11b1c</load_address>
         <run_address>0x11b1c</run_address>
         <size>0x13</size>
         <input_file_ref idref="fl-2"/>
      </object_component>
      <object_component id="oc-3c7">
         <name>.econst:.string:_$P$T2$3</name>
         <load_address>0x11b2f</load_address>
         <run_address>0x11b2f</run_address>
         <size>0x13</size>
         <input_file_ref idref="fl-15"/>
      </object_component>
      <object_component id="oc-3ca">
         <name>.econst:.string:_$P$T5$6</name>
         <load_address>0x11b42</load_address>
         <run_address>0x11b42</run_address>
         <size>0x13</size>
         <input_file_ref idref="fl-15"/>
      </object_component>
      <object_component id="oc-3cc">
         <name>.econst:.string:_$P$T0$1</name>
         <load_address>0x11b55</load_address>
         <run_address>0x11b55</run_address>
         <size>0x12</size>
         <input_file_ref idref="fl-f"/>
      </object_component>
      <object_component id="oc-392">
         <name>.econst:.string:_$P$T1$2</name>
         <load_address>0x11b67</load_address>
         <run_address>0x11b67</run_address>
         <size>0x12</size>
         <input_file_ref idref="fl-d"/>
      </object_component>
      <object_component id="oc-3a0">
         <name>.econst:.string:_$P$T3$4</name>
         <load_address>0x11b79</load_address>
         <run_address>0x11b79</run_address>
         <size>0x12</size>
         <input_file_ref idref="fl-19"/>
      </object_component>
      <object_component id="oc-398">
         <name>.econst:.string:_$P$T7$8</name>
         <load_address>0x11b8b</load_address>
         <run_address>0x11b8b</run_address>
         <size>0x12</size>
         <input_file_ref idref="fl-d"/>
      </object_component>
      <object_component id="oc-3a5">
         <name>.econst:.string:_$P$T8$9</name>
         <load_address>0x11b9d</load_address>
         <run_address>0x11b9d</run_address>
         <size>0x12</size>
         <input_file_ref idref="fl-19"/>
      </object_component>
      <object_component id="oc-3a6">
         <name>.econst:.string:_$P$T9$10</name>
         <load_address>0x11baf</load_address>
         <run_address>0x11baf</run_address>
         <size>0x12</size>
         <input_file_ref idref="fl-19"/>
      </object_component>
      <object_component id="oc-3c0">
         <name>.econst:.string:_$P$T9$11</name>
         <load_address>0x11bc1</load_address>
         <run_address>0x11bc1</run_address>
         <size>0x12</size>
         <input_file_ref idref="fl-9"/>
      </object_component>
      <object_component id="oc-10d">
         <name>.econst:.string</name>
         <load_address>0x11bd4</load_address>
         <run_address>0x11bd4</run_address>
         <size>0x12</size>
         <input_file_ref idref="fl-16"/>
      </object_component>
      <object_component id="oc-3c6">
         <name>.econst:.string:_$P$T1$2</name>
         <load_address>0x11be6</load_address>
         <run_address>0x11be6</run_address>
         <size>0x11</size>
         <input_file_ref idref="fl-15"/>
      </object_component>
      <object_component id="oc-3a7">
         <name>.econst:.string:_$P$T10$11</name>
         <load_address>0x11bf7</load_address>
         <run_address>0x11bf7</run_address>
         <size>0x11</size>
         <input_file_ref idref="fl-19"/>
      </object_component>
      <object_component id="oc-3c2">
         <name>.econst:.string:_$P$T11$13</name>
         <load_address>0x11c08</load_address>
         <run_address>0x11c08</run_address>
         <size>0x11</size>
         <input_file_ref idref="fl-9"/>
      </object_component>
      <object_component id="oc-3d9">
         <name>.econst:.string:_$P$T13$14</name>
         <load_address>0x11c19</load_address>
         <run_address>0x11c19</run_address>
         <size>0x11</size>
         <input_file_ref idref="fl-f"/>
      </object_component>
      <object_component id="oc-3da">
         <name>.econst:.string:_$P$T14$15</name>
         <load_address>0x11c2a</load_address>
         <run_address>0x11c2a</run_address>
         <size>0x11</size>
         <input_file_ref idref="fl-f"/>
      </object_component>
      <object_component id="oc-3e1">
         <name>.econst:.string:_$P$T21$22</name>
         <load_address>0x11c3b</load_address>
         <run_address>0x11c3b</run_address>
         <size>0x11</size>
         <input_file_ref idref="fl-f"/>
      </object_component>
      <object_component id="oc-3c8">
         <name>.econst:.string:_$P$T3$4</name>
         <load_address>0x11c4c</load_address>
         <run_address>0x11c4c</run_address>
         <size>0x11</size>
         <input_file_ref idref="fl-15"/>
      </object_component>
      <object_component id="oc-3a1">
         <name>.econst:.string:_$P$T4$5</name>
         <load_address>0x11c5d</load_address>
         <run_address>0x11c5d</run_address>
         <size>0x11</size>
         <input_file_ref idref="fl-19"/>
      </object_component>
      <object_component id="oc-381">
         <name>.econst:.string:_$P$T4$6</name>
         <load_address>0x11c6e</load_address>
         <run_address>0x11c6e</run_address>
         <size>0x11</size>
         <input_file_ref idref="fl-25"/>
      </object_component>
      <object_component id="oc-3a2">
         <name>.econst:.string:_$P$T5$6</name>
         <load_address>0x11c7f</load_address>
         <run_address>0x11c7f</run_address>
         <size>0x11</size>
         <input_file_ref idref="fl-19"/>
      </object_component>
      <object_component id="oc-382">
         <name>.econst:.string:_$P$T5$7</name>
         <load_address>0x11c90</load_address>
         <run_address>0x11c90</run_address>
         <size>0x11</size>
         <input_file_ref idref="fl-25"/>
      </object_component>
      <object_component id="oc-3af">
         <name>.econst:.string:_$P$T6$8</name>
         <load_address>0x11ca1</load_address>
         <run_address>0x11ca1</run_address>
         <size>0x11</size>
         <input_file_ref idref="fl-1a"/>
      </object_component>
      <object_component id="oc-389">
         <name>.econst:.string:_large_digits$4</name>
         <load_address>0x11cb2</load_address>
         <run_address>0x11cb2</run_address>
         <size>0x11</size>
         <input_file_ref idref="fl-11"/>
      </object_component>
      <object_component id="oc-38a">
         <name>.econst:.string:_small_digits$3</name>
         <load_address>0x11cc3</load_address>
         <run_address>0x11cc3</run_address>
         <size>0x11</size>
         <input_file_ref idref="fl-11"/>
      </object_component>
      <object_component id="oc-3b6">
         <name>.econst:.string:_$P$T0$1</name>
         <load_address>0x11cd4</load_address>
         <run_address>0x11cd4</run_address>
         <size>0x10</size>
         <input_file_ref idref="fl-9"/>
      </object_component>
      <object_component id="oc-39c">
         <name>.econst:.string:_$P$T0$1</name>
         <load_address>0x11ce4</load_address>
         <run_address>0x11ce4</run_address>
         <size>0x10</size>
         <input_file_ref idref="fl-19"/>
      </object_component>
      <object_component id="oc-3b7">
         <name>.econst:.string:_$P$T1$2</name>
         <load_address>0x11cf4</load_address>
         <run_address>0x11cf4</run_address>
         <size>0x10</size>
         <input_file_ref idref="fl-9"/>
      </object_component>
      <object_component id="oc-3a9">
         <name>.econst:.string:_$P$T1$2</name>
         <load_address>0x11d04</load_address>
         <run_address>0x11d04</run_address>
         <size>0x10</size>
         <input_file_ref idref="fl-1a"/>
      </object_component>
      <object_component id="oc-3d6">
         <name>.econst:.string:_$P$T10$11</name>
         <load_address>0x11d14</load_address>
         <run_address>0x11d14</run_address>
         <size>0x10</size>
         <input_file_ref idref="fl-f"/>
      </object_component>
      <object_component id="oc-3d7">
         <name>.econst:.string:_$P$T11$12</name>
         <load_address>0x11d24</load_address>
         <run_address>0x11d24</run_address>
         <size>0x10</size>
         <input_file_ref idref="fl-f"/>
      </object_component>
      <object_component id="oc-3dc">
         <name>.econst:.string:_$P$T16$17</name>
         <load_address>0x11d34</load_address>
         <run_address>0x11d34</run_address>
[...]
      <symbol id="sm-126b">
         <name>_EPwmXbarRegs</name>
         <value>0x7a00</value>
         <object_component_ref idref="oc-248"/>
      </symbol>
      <symbol id="sm-126c">
         <name>_Cmpss7Regs</name>
         <value>0x5d40</value>
         <object_component_ref idref="oc-228"/>
      </symbol>
      <symbol id="sm-126d">
         <name>_DcsmZ2Regs</name>
         <value>0x5f040</value>
         <object_component_ref idref="oc-23e"/>
      </symbol>
      <symbol id="sm-126e">
         <name>_EPwm4Regs</name>
         <value>0x4300</value>
         <object_component_ref idref="oc-25f"/>
      </symbol>
      <symbol id="sm-126f">
         <name>_FlashPumpSemaphoreRegs</name>
         <value>0x50024</value>
         <object_component_ref idref="oc-205"/>
      </symbol>
      <symbol id="sm-1270">
         <name>_ECap5Regs</name>
         <value>0x5080</value>
         <object_component_ref idref="oc-22f"/>
      </symbol>
      <symbol id="sm-1271">
         <name>_I2cbRegs</name>
         <value>0x7340</value>
         <object_component_ref idref="oc-23c"/>
      </symbol>
      <symbol id="sm-1272">
         <name>_CpuTimer1Regs</name>
         <value>0xc08</value>
         <object_component_ref idref="oc-20f"/>
      </symbol>
      <symbol id="sm-1273">
         <name>_RomPrefetchRegs</name>
         <value>0x5e608</value>
         <object_component_ref idref="oc-206"/>
      </symbol>
      <symbol id="sm-1274">
         <name>_Cmpss4Regs</name>
         <value>0x5ce0</value>
         <object_component_ref idref="oc-225"/>
      </symbol>
      <symbol id="sm-1275">
         <name>_EPwm5Regs</name>
         <value>0x4400</value>
         <object_component_ref idref="oc-260"/>
      </symbol>
      <symbol id="sm-1276">
         <name>_UppRegs</name>
         <value>0x6200</value>
         <object_component_ref idref="oc-24d"/>
      </symbol>
      <symbol id="sm-1277">
         <name>_SpiaRegs</name>
         <value>0x6100</value>
         <object_component_ref idref="oc-218"/>
      </symbol>
      <symbol id="sm-1278">
         <name>_CpuSysRegs</name>
         <value>0x5d300</value>
         <object_component_ref idref="oc-259"/>
      </symbol>
      <symbol id="sm-1279">
         <name>_Cla1SoftIntRegs</name>
         <value>0xce0</value>
         <object_component_ref idref="oc-208"/>
      </symbol>
      <symbol id="sm-127a">
         <name>_CanbRegs</name>
         <value>0x4a000</value>
         <object_component_ref idref="oc-26a"/>
      </symbol>
      <symbol id="sm-127b">
         <name>_ECap6Regs</name>
         <value>0x50a0</value>
         <object_component_ref idref="oc-230"/>
      </symbol>
      <symbol id="sm-127c">
         <name>_DmaRegs</name>
         <value>0x1000</value>
         <object_component_ref idref="oc-25a"/>
      </symbol>
      <symbol id="sm-127d">
         <name>_EmuBootPins</name>
         <value>0xd01</value>
         <object_component_ref idref="oc-204"/>
      </symbol>
      <symbol id="sm-127e">
         <name>_XintRegs</name>
         <value>0x7070</value>
         <object_component_ref idref="oc-212"/>
      </symbol>
      <symbol id="sm-127f">
         <name>_CpuTimer0Regs</name>
         <value>0xc00</value>
         <object_component_ref idref="oc-20e"/>
      </symbol>
      <symbol id="sm-1280">
         <name>_Cmpss5Regs</name>
         <value>0x5d00</value>
         <object_component_ref idref="oc-226"/>
      </symbol>
      <symbol id="sm-1281">
         <name>_Emif1Regs</name>
         <value>0x47000</value>
         <object_component_ref idref="oc-24e"/>
      </symbol>
      <symbol id="sm-1282">
         <name>_AccessProtectionRegs</name>
         <value>0x5f4c0</value>
         <object_component_ref idref="oc-24a"/>
      </symbol>
      <symbol id="sm-1283">
         <name>_MemCfgRegs</name>
         <value>0x5f400</value>
         <object_component_ref idref="oc-255"/>
      </symbol>
      <symbol id="sm-1284">
         <name>_DacaRegs</name>
         <value>0x5c00</value>
         <object_component_ref idref="oc-20b"/>
      </symbol>
      <symbol id="sm-1285">
         <name>_McbspbRegs</name>
         <value>0x6040</value>
         <object_component_ref idref="oc-242"/>
      </symbol>
      <symbol id="sm-1286">
         <name>_EPwm6Regs</name>
         <value>0x4500</value>
         <object_component_ref idref="oc-261"/>
      </symbol>
      <symbol id="sm-1287">
         <name>_AdcaRegs</name>
         <value>0x7400</value>
         <object_component_ref idref="oc-250"/>
      </symbol>
      <symbol id="sm-1288">
         <name>_SciaRegs</name>
         <value>0x7200</value>
         <object_component_ref idref="oc-213"/>
      </symbol>
      <symbol id="sm-1289">
         <name>_EPwm11Regs</name>
         <value>0x4a00</value>
         <object_component_ref idref="oc-266"/>
      </symbol>
      <symbol id="sm-128a">
         <name>_GpioDataRegs</name>
         <value>0x7f00</value>
         <object_component_ref idref="oc-245"/>
      </symbol>
      <symbol id="sm-128b">
         <name>_Sdfm1Regs</name>
         <value>0x5e00</value>
         <object_component_ref idref="oc-256"/>
      </symbol>
      <symbol id="sm-128c">
         <name>_Cmpss2Regs</name>
         <value>0x5ca0</value>
         <object_component_ref idref="oc-223"/>
      </symbol>
      <symbol id="sm-128d">
         <name>_Emif2Regs</name>
         <value>0x47800</value>
         <object_component_ref idref="oc-24f"/>
      </symbol>
      <symbol id="sm-128e">
         <name>_DcsmZ1Regs</name>
         <value>0x5f000</value>
         <object_component_ref idref="oc-23d"/>
      </symbol>
      <symbol id="sm-128f">
         <name>_Flash0CtrlRegs</name>
         <value>0x5f800</value>
         <object_component_ref idref="oc-26c"/>
      </symbol>
      <symbol id="sm-1290">
         <name>_EPwm7Regs</name>
         <value>0x4600</value>
         <object_component_ref idref="oc-262"/>
      </symbol>
      <symbol id="sm-1291">
         <name>_SpicRegs</name>
         <value>0x6120</value>
         <object_component_ref idref="oc-21b"/>
      </symbol>
      <symbol id="sm-1292">
         <name>_EPwm10Regs</name>
         <value>0x4900</value>
         <object_component_ref idref="oc-265"/>
      </symbol>
      <symbol id="sm-1293">
         <name>_CpuTimer2Regs</name>
         <value>0xc10</value>
         <object_component_ref idref="oc-210"/>
      </symbol>
      <symbol id="sm-1294">
         <name>_DmaClaSrcSelRegs</name>
         <value>0x7980</value>
         <object_component_ref idref="oc-220"/>
      </symbol>
      <symbol id="sm-1295">
         <name>_AnalogSubsysRegs</name>
         <value>0x5d180</value>
         <object_component_ref idref="oc-24c"/>
      </symbol>
      <symbol id="sm-1296">
         <name>_Cmpss3Regs</name>
         <value>0x5cc0</value>
         <object_component_ref idref="oc-224"/>
      </symbol>
      <symbol id="sm-1297">
         <name>_DaccRegs</name>
         <value>0x5c20</value>
         <object_component_ref idref="oc-20d"/>
      </symbol>
      <symbol id="sm-1298">
         <name>_PieCtrlRegs</name>
         <value>0xce0</value>
         <object_component_ref idref="oc-221"/>
      </symbol>
      <symbol id="sm-1299">
         <name>_DevCfgRegs</name>
         <value>0x5d000</value>
         <object_component_ref idref="oc-268"/>
      </symbol>
      <symbol id="sm-129a">
         <name>_SpibRegs</name>
         <value>0x6110</value>
         <object_component_ref idref="oc-21a"/>
      </symbol>
      <symbol id="sm-129b">
         <name>_AdccRegs</name>
         <value>0x7500</value>
         <object_component_ref idref="oc-253"/>
      </symbol>
      <symbol id="sm-129c">
         <name>_ScicRegs</name>
         <value>0x7220</value>
         <object_component_ref idref="oc-216"/>
      </symbol>
      <symbol id="sm-129d">
         <name>_ECap1Regs</name>
         <value>0x5000</value>
         <object_component_ref idref="oc-22a"/>
      </symbol>
      <symbol id="sm-129e">
         <name>_OutputXbarRegs</name>
         <value>0x7a80</value>
         <object_component_ref idref="oc-249"/>
      </symbol>
      <symbol id="sm-129f">
         <name>_MemoryErrorRegs</name>
         <value>0x5f500</value>
         <object_component_ref idref="oc-24b"/>
      </symbol>
      <symbol id="sm-12a0">
         <name>_Cla1Regs</name>
         <value>0x1400</value>
         <object_component_ref idref="oc-247"/>
      </symbol>
      <symbol id="sm-12a1">
         <name>_EQep1Regs</name>
         <value>0x5100</value>
         <object_component_ref idref="oc-236"/>
      </symbol>
      <symbol id="sm-12a2">
         <name>_DacbRegs</name>
         <value>0x5c10</value>
         <object_component_ref idref="oc-20c"/>
      </symbol>
      <symbol id="sm-12a3">
         <name>_McbspaRegs</name>
         <value>0x6000</value>
         <object_component_ref idref="oc-240"/>
      </symbol>
      <symbol id="sm-12a4">
         <name>_EPwm1Regs</name>
         <value>0x4000</value>
         <object_component_ref idref="oc-25b"/>
      </symbol>
      <symbol id="sm-12a5">
         <name>_AdcbRegs</name>
         <value>0x7480</value>
         <object_component_ref idref="oc-252"/>
      </symbol>
      <symbol id="sm-12a6">
         <name>_ScibRegs</name>
         <value>0x7210</value>
         <object_component_ref idref="oc-215"/>
      </symbol>
      <symbol id="sm-12a7">
         <name>_AdcaResultRegs</name>
         <value>0xb00</value>
         <object_component_ref idref="oc-21c"/>
      </symbol>
      <symbol id="sm-12a8">
         <name>_ECap2Regs</name>
         <value>0x5020</value>
         <object_component_ref idref="oc-22c"/>
      </symbol>
      <symbol id="sm-12a9">
         <name>_EPwm12Regs</name>
         <value>0x4b00</value>
         <object_component_ref idref="oc-267"/>
      </symbol>
      <symbol id="sm-12aa">
         <name>_AdcbResultRegs</name>
         <value>0xb20</value>
         <object_component_ref idref="oc-21d"/>
      </symbol>
      <symbol id="sm-12ab">
         <name>_AdccResultRegs</name>
         <value>0xb40</value>
         <object_component_ref idref="oc-21e"/>
      </symbol>
      <symbol id="sm-12ac">
         <name>_Emif1ConfigRegs</name>
         <value>0x5f480</value>
         <object_component_ref idref="oc-234"/>
      </symbol>
      <symbol id="sm-12ad">
         <name>_Sdfm2Regs</name>
         <value>0x5e80</value>
         <object_component_ref idref="oc-258"/>
      </symbol>
      <symbol id="sm-12ae">
         <name>_AdcdResultRegs</name>
         <value>0xb60</value>
         <object_component_ref idref="oc-21f"/>
      </symbol>
      <symbol id="sm-12af">
         <name>_EQep2Regs</name>
         <value>0x5140</value>
         <object_component_ref idref="oc-238"/>
      </symbol>
      <symbol id="sm-12b0">
         <name>_Cmpss1Regs</name>
         <value>0x5c80</value>
         <object_component_ref idref="oc-222"/>
      </symbol>
      <symbol id="sm-12b1">
         <name>_EPwm8Regs</name>
         <value>0x4700</value>
         <object_component_ref idref="oc-263"/>
      </symbol>
      <symbol id="sm-12b2">
         <name>_Emif2ConfigRegs</name>
         <value>0x5f4a0</value>
         <object_component_ref idref="oc-235"/>
      </symbol>
      <symbol id="sm-12b3">
         <name>_DcsmCommonRegs</name>
         <value>0x5f070</value>
         <object_component_ref idref="oc-211"/>
      </symbol>
      <symbol id="sm-12b4">
         <name>_EPwm2Regs</name>
         <value>0x4100</value>
         <object_component_ref idref="oc-25d"/>
      </symbol>
      <symbol id="sm-12b5">
         <name>_ECap3Regs</name>
         <value>0x5040</value>
         <object_component_ref idref="oc-22d"/>
      </symbol>
      <symbol id="sm-12b6">
         <name>_Cmpss8Regs</name>
         <value>0x5d60</value>
         <object_component_ref idref="oc-229"/>
      </symbol>
      <symbol id="sm-12b7">
         <name>_EQep3Regs</name>
         <value>0x5180</value>
         <object_component_ref idref="oc-239"/>
      </symbol>
      <symbol id="sm-12b8">
         <name>_SyncSocRegs</name>
         <value>0x7940</value>
         <object_component_ref idref="oc-209"/>
      </symbol>
      <symbol id="sm-12b9">
         <name>_EPwm9Regs</name>
         <value>0x4800</value>
         <object_component_ref idref="oc-264"/>
      </symbol>
      <symbol id="sm-12ba">
         <name>_NmiIntruptRegs</name>
         <value>0x7060</value>
         <object_component_ref idref="oc-20a"/>
      </symbol>
      <symbol id="sm-12bb">
         <name>_EPwm3Regs</name>
         <value>0x4200</value>
         <object_component_ref idref="oc-25e"/>
      </symbol>
      <symbol id="sm-12bc">
         <name>_I2caRegs</name>
         <value>0x7300</value>
         <object_component_ref idref="oc-23a"/>
      </symbol>
      <symbol id="sm-12d7">
         <name>_c_int00</name>
         <value>0x18bb7</value>
         <object_component_ref idref="oc-87"/>
      </symbol>
      <symbol id="sm-12d8">
         <name>__stack</name>
         <value>0x400</value>
         <object_component_ref idref="oc-26f"/>
      </symbol>
      <symbol id="sm-12f2">
         <name>FS$$ADD</name>
         <value>0x1892a</value>
         <object_component_ref idref="oc-275"/>
      </symbol>
      <symbol id="sm-12f3">
         <name>FS$$SUB</name>
         <value>0x18925</value>
         <object_component_ref idref="oc-275"/>
      </symbol>
      <symbol id="sm-1305">
         <name>FS$$CMP</name>
         <value>0x18ea6</value>
         <object_component_ref idref="oc-27a"/>
      </symbol>
      <symbol id="sm-1316">
         <name>FS$$DIV</name>
         <value>0x18823</value>
         <object_component_ref idref="oc-27f"/>
      </symbol>
      <symbol id="sm-1327">
         <name>FS$$MPY</name>
         <value>0x18b5d</value>
         <object_component_ref idref="oc-284"/>
      </symbol>
      <symbol id="sm-1338">
         <name>FS$$TOI</name>
         <value>0x18d99</value>
         <object_component_ref idref="oc-289"/>
      </symbol>
      <symbol id="sm-134b">
         <name>FS$$TOL</name>
         <value>0x18d22</value>
         <object_component_ref idref="oc-28e"/>
      </symbol>
      <symbol id="sm-135c">
         <name>FS$$TOUL</name>
         <value>0x18de2</value>
         <object_component_ref idref="oc-293"/>
      </symbol>
      <symbol id="sm-1368">
         <name>LL$$AND</name>
         <value>0x18e8e</value>
         <object_component_ref idref="oc-298"/>
      </symbol>
      <symbol id="sm-1369">
         <name>LL$$OR</name>
         <value>0x18e96</value>
         <object_component_ref idref="oc-298"/>
      </symbol>
      <symbol id="sm-136a">
         <name>LL$$XOR</name>
         <value>0x18e9e</value>
         <object_component_ref idref="oc-298"/>
      </symbol>
      <symbol id="sm-1379">
         <name>I$$TOFS</name>
         <value>0x18e5a</value>
         <object_component_ref idref="oc-29d"/>
      </symbol>
      <symbol id="sm-1387">
         <name>U$$TOFS</name>
         <value>0x18f0e</value>
         <object_component_ref idref="oc-2a2"/>
      </symbol>
      <symbol id="sm-1396">
         <name>L$$TOFS</name>
         <value>0x18e74</value>
         <object_component_ref idref="oc-2a7"/>
      </symbol>
      <symbol id="sm-13a2">
         <name>UL$$MOD</name>
         <value>0x18cf3</value>
         <object_component_ref idref="oc-2ac"/>
      </symbol>
      <symbol id="sm-13a3">
         <name>L$$MOD</name>
         <value>0x18cde</value>
         <object_component_ref idref="oc-2ac"/>
      </symbol>
      <symbol id="sm-13a4">
         <name>L$$DIV</name>
         <value>0x18ccf</value>
         <object_component_ref idref="oc-2ac"/>
      </symbol>
      <symbol id="sm-13a5">
         <name>UL$$DIV</name>
         <value>0x18cec</value>
         <object_component_ref idref="oc-2ac"/>
      </symbol>
      <symbol id="sm-13b5">
         <name>UL$$TOFS</name>
         <value>0x18efb</value>
         <object_component_ref idref="oc-2b1"/>
      </symbol>
      <symbol id="sm-13c4">
         <name>_copy_in</name>
         <value>0x18dbe</value>
         <object_component_ref idref="oc-315"/>
      </symbol>
      <symbol id="sm-13d6">
         <name>_memcpy</name>
         <value>0x18e21</value>
         <object_component_ref idref="oc-350"/>
      </symbol>
      <symbol id="sm-13e3">
         <name>__system_pre_init</name>
         <value>0x18f58</value>
         <object_component_ref idref="oc-314"/>
      </symbol>
      <symbol id="sm-13f1">
         <name>__system_post_cinit</name>
         <value>0x18f5a</value>
         <object_component_ref idref="oc-316"/>
      </symbol>
      <symbol id="sm-1406">
         <name>C$$EXIT</name>
         <value>0x18cf9</value>
         <object_component_ref idref="oc-318"/>
      </symbol>
      <symbol id="sm-1407">
         <name>_exit</name>
         <value>0x18cfb</value>
         <object_component_ref idref="oc-318"/>
      </symbol>
      <symbol id="sm-1409">
         <name>___TI_cleanup_ptr</name>
         <value>0x8802</value>
         <object_component_ref idref="oc-2cc"/>
      </symbol>
      <symbol id="sm-140a">
         <name>___TI_enable_exit_profile_output</name>
         <value>0x8800</value>
         <object_component_ref idref="oc-2cc"/>
      </symbol>
      <symbol id="sm-140b">
         <name>_abort</name>
         <value>0x18cf9</value>
         <object_component_ref idref="oc-318"/>
      </symbol>
      <symbol id="sm-140d">
         <name>___TI_dtors_ptr</name>
         <value>0x8804</value>
         <object_component_ref idref="oc-2cc"/>
      </symbol>
      <symbol id="sm-1421">
         <name>__unlock</name>
         <value>0x873e</value>
         <object_component_ref idref="oc-3f7"/>
      </symbol>
      <symbol id="sm-1422">
         <name>__lock</name>
         <value>0x84be</value>
         <object_component_ref idref="oc-356"/>
      </symbol>
      <symbol id="sm-1423">
         <name>__register_lock</name>
         <value>0x18f3a</value>
         <object_component_ref idref="oc-38f"/>
      </symbol>
      <symbol id="sm-1425">
         <name>__nop</name>
         <value>0x18f3e</value>
         <object_component_ref idref="oc-38f"/>
      </symbol>
      <symbol id="sm-1427">
         <name>__register_unlock</name>
         <value>0x18f36</value>
         <object_component_ref idref="oc-38f"/>
      </symbol>
      <symbol id="sm-143c">
         <name>_atoi</name>
         <value>0x18c9e</value>
         <object_component_ref idref="oc-364"/>
      </symbol>
      <symbol id="sm-1445">
         <name>__ctypes_</name>
         <value>0x10dad</value>
         <object_component_ref idref="oc-39b"/>
      </symbol>
      <symbol id="sm-1465">
         <name>_memcmp</name>
         <value>0x18ee8</value>
         <object_component_ref idref="oc-385"/>
      </symbol>
      <symbol id="sm-147e">
         <name>_strcat</name>
         <value>0x18f3f</value>
         <object_component_ref idref="oc-37b"/>
      </symbol>
      <symbol id="sm-148d">
         <name>_strcmp</name>
         <value>0x18f2c</value>
         <object_component_ref idref="oc-363"/>
      </symbol>
      <symbol id="sm-149b">
         <name>_strcpy</name>
         <value>0x18f50</value>
         <object_component_ref idref="oc-377"/>
      </symbol>
      <symbol id="sm-14a9">
         <name>_strlen</name>
         <value>0x18f48</value>
         <object_component_ref idref="oc-376"/>
      </symbol>
      <symbol id="sm-14b9">
         <name>_strncmp</name>
         <value>0x18ebd</value>
         <object_component_ref idref="oc-374"/>
      </symbol>
      <symbol id="sm-14ca">
         <name>_strncpy</name>
         <value>0x18ed3</value>
         <object_component_ref idref="oc-37a"/>
      </symbol>
   </symbol_table>
   <title>Link successful</title>
</link_info>
