<html>
<body>
<pre>
<h1>µVision Build Log</h1>
<h2>Project:</h2>
F:\rtt\bsp\evb4020\evb4020.uvproj
Project File Date:  10/26/2010

<h2>Output:</h2>
Build target 'EVB4020'
compiling startup.c...
compiling application.c...
compiling export.c...
compiling clock.c...
compiling device.c...
compiling idle.c...
compiling ipc.c...
compiling irq.c...
compiling kservice.c...
compiling mem.c...
compiling mempool.c...
compiling object.c...
compiling scheduler.c...
compiling slab.c...
compiling thread.c...
compiling timer.c...
assembling context_rvds.S...
assembling start_rvds.S...
compiling stack.c...
compiling trap.c...
compiling interrupt.c...
compiling cpu.c...
..\..\libcpu\arm\sep4020\cpu.c(21): warning:  #1215-D: #warning directive: I DON'T KNOW IF THE MMU OPERATION WORKS ON SEP4020
..\..\libcpu\arm\sep4020\cpu.c:   #warning I DON'T KNOW IF THE MMU OPERATION WORKS ON SEP4020
..\..\libcpu\arm\sep4020\cpu.c:    ^
..\..\libcpu\arm\sep4020\cpu.c(187): warning:  #236-D: controlling expression is constant
..\..\libcpu\arm\sep4020\cpu.c:         RT_ASSERT(RT_NULL);
..\..\libcpu\arm\sep4020\cpu.c:         ^
..\..\libcpu\arm\sep4020\cpu.c: ..\..\libcpu\arm\sep4020\cpu.c: 2 warnings, 0 errors
compiling board.c...
compiling serial.c...
compiling sdcard.c...
src\sdcard.c(359): warning:  #177-D: function "sd_readmultiblock" was declared but never referenced
src\sdcard.c:   static rt_uint8_t sd_readmultiblock(rt_uint32_t address, rt_uint8_t* buf,rt_uint32_t size)
src\sdcard.c:                     ^
src\sdcard.c: src\sdcard.c: 1 warning, 0 errors
compiling dm9161.c...
src\dm9161.c(363): warning:  #1215-D: #warning directive: SHOULD SET MAC ADDR
src\dm9161.c:                                   #warning SHOULD SET MAC ADDR
src\dm9161.c:                                    ^
src\dm9161.c(369): warning:  #1215-D: #warning directive: SHOULD DETERMIN LINK SPEED
src\dm9161.c:                                   #warning SHOULD DETERMIN LINK SPEED
src\dm9161.c:                                    ^
src\dm9161.c(487): warning:  #1215-D: #warning directive: disable ether;
src\dm9161.c:           #warning disable ether;
src\dm9161.c:            ^
src\dm9161.c(534): warning:  #1215-D: #warning directive: SHOULD DISABLE INTEERUPT?
src\dm9161.c:       #warning SHOULD DISABLE INTEERUPT?
src\dm9161.c:        ^
src\dm9161.c(563): warning:  #1215-D: #warning directive: SHOULD NOTICE IT'S LENGTH
src\dm9161.c:           #warning SHOULD NOTICE IT'S LENGTH
src\dm9161.c:            ^
src\dm9161.c(616): warning:  #177-D: variable "len" was declared but never referenced
src\dm9161.c:                                   rt_int32_t len;
src\dm9161.c:                                              ^
src\dm9161.c(664): warning:  #1215-D: #warning directive: NOTICE:
src\dm9161.c:           #warning NOTICE:
src\dm9161.c:            ^
src\dm9161.c(688): warning:  #1215-D: #warning directive: TODO
src\dm9161.c:           #warning TODO
src\dm9161.c:            ^
src\dm9161.c: src\dm9161.c: 8 warnings, 0 errors
compiling backtrace.c...
compiling div0.c...
compiling showmem.c...
compiling dfs.c...
compiling dfs_file.c...
compiling dfs_fs.c...
compiling dfs_posix.c...
compiling dfs_elm.c...
compiling ff.c...
compiling cmd.c...
compiling finsh_compiler.c...
compiling finsh_error.c...
compiling finsh_heap.c...
compiling finsh_init.c...
compiling finsh_node.c...
compiling finsh_ops.c...
compiling finsh_parser.c...
compiling finsh_token.c...
compiling finsh_var.c...
compiling finsh_vm.c...
compiling shell.c...
compiling symbol.c...
compiling api_lib.c...
compiling api_msg.c...
compiling err.c...
compiling netbuf.c...
compiling netdb.c...
compiling netifapi.c...
compiling sockets.c...
compiling tcpip.c...
compiling sys_arch.c...
compiling sys_arch_init.c...
compiling dhcp.c...
compiling dns.c...
compiling init.c...
compiling memp.c...
compiling netif.c...
compiling pbuf.c...
compiling raw.c...
compiling stats.c...
compiling sys.c...
compiling tcp.c...
compiling tcp_in.c...
compiling tcp_out.c...
compiling udp.c...
compiling autoip.c...
compiling icmp.c...
compiling igmp.c...
compiling inet.c...
compiling inet_chksum.c...
compiling ip.c...
compiling ip_addr.c...
compiling ip_frag.c...
compiling asn1_dec.c...
compiling asn1_enc.c...
compiling mib_structs.c...
compiling mib2.c...
compiling msg_in.c...
compiling msg_out.c...
compiling etharp.c...
compiling ethernetif.c...
compiling loopif.c...
compiling slipif.c...
compiling auth.c...
compiling chap.c...
compiling chpms.c...
compiling fsm.c...
compiling ipcp.c...
compiling lcp.c...
compiling magic.c...
compiling md5.c...
compiling pap.c...
compiling ppp.c...
compiling ppp_oe.c...
compiling randm.c...
compiling vj.c...
compiling ping.c...
linking...
Program Size: Code=96692 RO-data=3264 RW-data=468 ZI-data=17844  
".\output\evb4020.axf" - 0 Error(s), 11 Warning(s).
Clean started: Project: 'evb4020'
   deleting intermediate output files for target 'EVB4020'
