<html>
<body>
<pre>
<h1>µVision Build Log</h1>
<h2>Tool Versions:</h2>
IDE-Version: µVision V5.15
Copyright (C) 2015 ARM Ltd and ARM Germany GmbH. All rights reserved.
License Information: hake huang FSL Flex license: MDK-ARM Professional: 50 user(s) (mdk_pro) Operation stops: 9 Apr 2016
 
Tool Versions:
Toolchain:       MDK-ARM Professional: 50 user(s)  Version: 5.15.0
Toolchain Path:  C:\Keil_v5\ARM\ARMCC\Bin
C Compiler:      Armcc.exe V5.05 update 2 (build 169)
Assembler:       Armasm.exe V5.05 update 2 (build 169)
Linker/Locator:  ArmLink.exe V5.05 update 2 (build 169)
Library Manager: ArmAr.exe V5.05 update 2 (build 169)
Hex Converter:   FromElf.exe V5.05 update 2 (build 169)
CPU DLL:         SARMCM3.DLL V5.15.0
Dialog DLL:      DCM.DLL V1.13.2.0
Target DLL:      PEMicro\Pemicro_ArmCortexInterface.dll V1.11
Dialog DLL:      TCM.DLL V1.14.5.0
 
<h2>Project:</h2>
C:\Users\b20222\Documents\GitHub\rt-thread\build\rt_thread_demo\mdk\twrk64f120m\rt_thread_demo_twrk64f120m.uvprojx
Project File Date:  08/14/2015

<h2>Output:</h2>
*** Using Compiler 'V5.05 update 2 (build 169)', folder: 'C:\Keil_v5\ARM\ARMCC\Bin'
Rebuild Project 'rt_thread_demo_twrk64f120m' - Target 'rt_thread_demo_twrk64f120m Debug'
assembling startup_MK64F12.s...
compiling system_MK64F12.c...
compiling startup.c...
assembling context_rvds.S...
compiling fsl_debug_console.c...
compiling print_scan.c...
compiling fsl_misc_utilities.c...
compiling gpio_pins.c...
compiling board.c...
compiling pin_mux.c...
compiling drv_uart.c...
compiling fsl_uart_irq_rt.c...
compiling completion.c...
compiling pipe.c...
compiling portal.c...
compiling ringbuffer.c...
compiling workqueue.c...
compiling dataqueue.c...
compiling cmd.c...
compiling finsh_compiler.c...
compiling finsh_error.c...
compiling finsh_heap.c...
compiling finsh_init.c...
compiling finsh_node.c...
compiling finsh_ops.c...
compiling finsh_parser.c...
compiling finsh_token.c...
compiling finsh_var.c...
compiling finsh_vm.c...
compiling msh.c...
compiling msh_cmd.c...
compiling shell.c...
compiling symbol.c...
compiling serial.c...
compiling clock.c...
compiling device.c...
compiling idle.c...
compiling ipc.c...
compiling irq.c...
compiling kservice.c...
compiling mem.c...
compiling memheap.c...
compiling mempool.c...
compiling module.c...
compiling object.c...
compiling scheduler.c...
compiling slab.c...
compiling thread.c...
compiling timer.c...
compiling application.c...
C:\Users\b20222\Documents\GitHub\rt-thread\bsp\freescale\rt_app\application.c(74): warning:  #177-D: variable "n" was declared but never referenced
      int n = 0;
../../../../bsp/freescale/rt_app/application.c: 1 warning, 0 errors
compiling startup_app.c...
compiling board_app.c...
compiling cpuport.c...
compiling backtrace.c...
compiling div0.c...
compiling showmem.c...
linking...
Program Size: Code=46948 RO-data=5804 RW-data=476 ZI-data=9500  
"twrk64f120m\debug\rt_thread_demo.out" - 0 Error(s), 1 Warning(s).

<h2>Collection of Component include folders:</h2>
  C:\Users\b20222\Documents\GitHub\rt-thread\build\rt_thread_demo\mdk\twrk64f120m\RTE
  C:\Keil_v5\ARM\PACK\Keil\Kinetis_K60_DFP\1.4.0\Device\Include

<h2>Collection of Component Files used:</h2>
</pre>
</body>
</html>
